   Compiling proc-macro2 v1.0.106
   Compiling quote v1.0.45
   Compiling unicode-ident v1.0.22
   Compiling libc v0.2.186
   Compiling syn v2.0.117
    Checking cfg-if v1.0.4
   Compiling serde v1.0.228
   Compiling serde_core v1.0.228
    Checking memchr v2.8.1
   Compiling version_check v0.9.5
    Checking getrandom v0.2.17
    Checking itoa v1.0.17
    Checking subtle v2.6.1
   Compiling generic-array v0.14.7
    Checking typenum v1.20.0
   Compiling serde_derive v1.0.228
   Compiling zeroize_derive v1.4.3
    Checking zeroize v1.8.2
    Checking rand_core v0.6.4
    Checking crypto-common v0.1.7
   Compiling parking_lot_core v0.9.12
    Checking smallvec v1.15.1
    Checking log v0.4.29
   Compiling portable-atomic v1.13.1
    Checking const-oid v0.9.6
    Checking scopeguard v1.2.0
    Checking lock_api v0.4.14
    Checking critical-section v1.2.0
    Checking block-buffer v0.10.4
    Checking digest v0.10.7
    Checking once_cell v1.21.4
    Checking pin-project-lite v0.2.16
    Checking parking_lot v0.12.5
   Compiling jobserver v0.1.34
    Checking cpufeatures v0.2.17
   Compiling shlex v1.3.0
   Compiling find-msvc-tools v0.1.9
   Compiling thiserror-impl v2.0.18
   Compiling cc v1.2.55
   Compiling thiserror v2.0.18
   Compiling zmij v1.0.19
    Checking futures-core v0.3.32
   Compiling synstructure v0.13.2
    Checking bytes v1.11.1
   Compiling displaydoc v0.2.5
    Checking bitflags v2.13.1
   Compiling zerofrom-derive v0.1.6
   Compiling autocfg v1.5.0
    Checking stable_deref_trait v1.2.1
   Compiling yoke-derive v0.8.2
    Checking equivalent v1.0.2
   Compiling serde_json v1.0.149
   Compiling zerovec-derive v0.11.3
    Checking futures-io v0.3.32
    Checking futures-sink v0.3.32
    Checking mio v1.2.0
    Checking aho-corasick v1.1.4
    Checking socket2 v0.6.3
    Checking errno v0.3.14
    Checking allocator-api2 v0.2.21
    Checking regex-syntax v0.8.8
    Checking signal-hook-registry v1.4.8
   Compiling tokio-macros v2.7.0
   Compiling tracing-attributes v0.1.31
    Checking regex-automata v0.4.13
    Checking slab v0.4.12
    Checking tokio v1.52.3
    Checking foldhash v0.2.0
    Checking futures-channel v0.3.32
    Checking tracing-core v0.1.36
   Compiling futures-macro v0.3.32
    Checking futures-task v0.3.32
    Checking futures-util v0.3.32
    Checking tracing v0.1.44
   Compiling num-traits v0.2.19
    Checking sha2 v0.10.9
   Compiling getrandom v0.3.4
    Checking fastrand v2.3.0
    Checking percent-encoding v2.3.2
    Checking http v1.4.0
   Compiling time-core v0.1.8
   Compiling num-conv v0.2.0
   Compiling time-macros v0.2.27
    Checking zerofrom v0.1.6
    Checking yoke v0.8.2
    Checking hashbrown v0.17.1
    Checking zerovec v0.11.6
    Checking http-body v1.0.1
    Checking powerfmt v0.2.0
    Checking deranged v0.5.5
   Compiling indexmap v2.14.0
    Checking fnv v1.0.7
    Checking num_threads v0.1.7
    Checking time v0.3.47
    Checking tinystr v0.8.3
   Compiling semver v1.0.27
   Compiling rustc_version v0.4.1
   Compiling zerocopy v0.8.37
   Compiling icu_properties_data v2.2.0
   Compiling icu_normalizer_data v2.2.0
    Checking http-body-util v0.1.3
    Checking base64 v0.22.1
    Checking tokio-util v0.7.18
    Checking either v1.15.0
error: failed to write to `/workspace/scratch/99c8d2276f89/hepta-target/debug/deps/rmetabqK2Aj/full.rmeta`: No space left on device (os error 28)

error: could not compile `either` (lib) due to 1 previous error
warning: build failed, waiting for other jobs to finish...
error: failed to write to `/workspace/scratch/99c8d2276f89/hepta-target/debug/deps/rmetavP8hRo/full.rmeta`: No space left on device (os error 28)

error: could not compile `zerocopy` (lib) due to 1 previous error
