    Checking writeable v0.6.2
    Checking form_urlencoded v1.2.2
    Checking zerocopy v0.8.37
    Checking either v1.15.0
    Checking litemap v0.8.1
    Checking potential_utf v0.1.4
    Checking zerotrie v0.2.4
   Compiling cmake v0.1.57
    Checking icu_locale_core v2.2.0
   Compiling fs_extra v1.3.0
   Compiling crossbeam-utils v0.8.21
    Checking utf8_iter v1.0.4
   Compiling pkg-config v0.3.32
   Compiling dunce v1.0.5
   Compiling aws-lc-sys v0.39.0
    Checking icu_provider v2.2.0
    Checking icu_collections v2.2.0
   Compiling ring v0.17.14
    Checking ipnet v2.11.0
   Compiling serde v1.0.228
   Compiling rustix v1.1.4
   Compiling aws-lc-rs v1.16.2
    Checking icu_properties_data v2.2.0
    Checking icu_normalizer_data v2.2.0
    Checking untrusted v0.9.0
    Checking linux-raw-sys v0.12.1
    Checking ppv-lite86 v0.2.21
    Checking atomic-waker v1.1.2
    Checking icu_normalizer v2.2.0
    Checking icu_properties v2.2.0
    Checking bstr v1.12.1
    Checking sync_wrapper v1.0.2
    Checking rustls-pki-types v1.14.0
    Checking untrusted v0.7.1
    Checking idna_adapter v1.2.1
    Checking sha1_smol v1.0.1
    Checking pin-utils v0.1.0
    Checking httpdate v1.0.3
    Checking uuid v1.20.0
    Checking idna v1.1.0
    Checking num-integer v0.1.46
   Compiling httparse v1.10.1
   Compiling rustls v0.23.43
    Checking url v2.5.8
    Checking ryu v1.0.22
    Checking byteorder v1.5.0
    Checking sha1 v0.10.6
   Compiling crc32fast v1.5.0
    Checking tinyvec_macros v0.1.1
    Checking tinyvec v1.10.0
    Checking try-lock v0.2.5
    Checking want v0.3.1
   Compiling memchr v2.8.1
    Checking h2 v0.4.16
    Checking rand_core v0.9.5
    Checking futures-executor v0.3.32
    Checking tower-service v0.3.3
    Checking rand_chacha v0.9.0
    Checking hex v0.4.3
    Checking rand v0.9.3
    Checking mime v0.3.17
   Compiling vcpkg v0.2.15
    Checking regex v1.12.3
    Checking socket2 v0.5.10
    Checking openssl-probe v0.2.1
    Checking rustls-native-certs v0.8.3
    Checking webpki-roots v1.0.9
    Checking hashbrown v0.16.1
    Checking tower-layer v0.3.3
   Compiling toml_parser v1.1.3+spec-1.1.0
   Compiling toml_datetime v0.7.5+spec-1.1.0
   Compiling winnow v0.7.14
    Checking tower v0.5.3
   Compiling anyhow v1.0.103
    Checking psl-types v2.0.11
    Checking hyper v1.8.1
    Checking lazy_static v1.5.0
    Checking futures v0.3.31
    Checking spin v0.9.8
   Compiling serde_json v1.0.149
   Compiling heck v0.5.0
   Compiling toml_edit v0.23.10+spec-1.0.0
    Checking hyper-util v0.1.20
   Compiling proc-macro-crate v3.4.0
   Compiling async-trait v0.1.89
    Checking rand_core v0.10.1
   Compiling getrandom v0.4.2
   Compiling unicode-xid v0.2.6
   Compiling crossbeam-epoch v0.9.20
   Compiling strsim v0.11.1
   Compiling openssl-sys v0.9.111
    Checking num-bigint v0.4.6
    Checking itertools v0.14.0
   Compiling ahash v0.8.12
   Compiling fnv v1.0.7
warning: openssl-sys@0.9.111: Could not find directory of OpenSSL installation, and this `-sys` crate cannot proceed without this knowledge. If OpenSSL is installed and this crate had trouble finding it,  you can set the `OPENSSL_DIR` environment variable for the compilation process. See stderr section below for further information.
error: failed to run custom build command for `openssl-sys v0.9.111`

Caused by:
  process didn't exit successfully: `/dev/shm/hepta-round2-99c8d2276f89/target/debug/build/openssl-sys-0f2a4658d6c933b2/build-script-main` (exit status: 101)
  --- stdout
  cargo:rustc-check-cfg=cfg(osslconf, values("OPENSSL_NO_OCB", "OPENSSL_NO_SM4", "OPENSSL_NO_SEED", "OPENSSL_NO_CHACHA", "OPENSSL_NO_CAST", "OPENSSL_NO_IDEA", "OPENSSL_NO_CAMELLIA", "OPENSSL_NO_RC4", "OPENSSL_NO_BF", "OPENSSL_NO_PSK", "OPENSSL_NO_DEPRECATED_3_0", "OPENSSL_NO_SCRYPT", "OPENSSL_NO_SM3", "OPENSSL_NO_RMD160", "OPENSSL_NO_EC2M", "OPENSSL_NO_OCSP", "OPENSSL_NO_CMS", "OPENSSL_NO_COMP", "OPENSSL_NO_SOCK", "OPENSSL_NO_STDIO", "OPENSSL_NO_EC", "OPENSSL_NO_SSL3_METHOD", "OPENSSL_NO_KRB5", "OPENSSL_NO_TLSEXT", "OPENSSL_NO_SRP", "OPENSSL_NO_SRTP", "OPENSSL_NO_RFC3779", "OPENSSL_NO_SHA", "OPENSSL_NO_NEXTPROTONEG", "OPENSSL_NO_ENGINE", "OPENSSL_NO_BUF_FREELISTS", "OPENSSL_NO_RC2"))
  cargo:rustc-check-cfg=cfg(openssl)
  cargo:rustc-check-cfg=cfg(libressl)
  cargo:rustc-check-cfg=cfg(boringssl)
  cargo:rustc-check-cfg=cfg(awslc)
  cargo:rustc-check-cfg=cfg(libressl250)
  cargo:rustc-check-cfg=cfg(libressl251)
  cargo:rustc-check-cfg=cfg(libressl252)
  cargo:rustc-check-cfg=cfg(libressl261)
  cargo:rustc-check-cfg=cfg(libressl270)
  cargo:rustc-check-cfg=cfg(libressl271)
  cargo:rustc-check-cfg=cfg(libressl273)
  cargo:rustc-check-cfg=cfg(libressl280)
  cargo:rustc-check-cfg=cfg(libressl281)
  cargo:rustc-check-cfg=cfg(libressl291)
  cargo:rustc-check-cfg=cfg(libressl310)
  cargo:rustc-check-cfg=cfg(libressl321)
  cargo:rustc-check-cfg=cfg(libressl332)
  cargo:rustc-check-cfg=cfg(libressl340)
  cargo:rustc-check-cfg=cfg(libressl350)
  cargo:rustc-check-cfg=cfg(libressl360)
  cargo:rustc-check-cfg=cfg(libressl361)
  cargo:rustc-check-cfg=cfg(libressl370)
  cargo:rustc-check-cfg=cfg(libressl380)
  cargo:rustc-check-cfg=cfg(libressl381)
  cargo:rustc-check-cfg=cfg(libressl382)
  cargo:rustc-check-cfg=cfg(libressl390)
  cargo:rustc-check-cfg=cfg(libressl400)
  cargo:rustc-check-cfg=cfg(libressl410)
  cargo:rustc-check-cfg=cfg(libressl420)
  cargo:rustc-check-cfg=cfg(ossl101)
  cargo:rustc-check-cfg=cfg(ossl102)
  cargo:rustc-check-cfg=cfg(ossl102f)
  cargo:rustc-check-cfg=cfg(ossl102h)
  cargo:rustc-check-cfg=cfg(ossl110)
  cargo:rustc-check-cfg=cfg(ossl110f)
  cargo:rustc-check-cfg=cfg(ossl110g)
  cargo:rustc-check-cfg=cfg(ossl110h)
  cargo:rustc-check-cfg=cfg(ossl111)
  cargo:rustc-check-cfg=cfg(ossl111b)
  cargo:rustc-check-cfg=cfg(ossl111c)
  cargo:rustc-check-cfg=cfg(ossl111d)
  cargo:rustc-check-cfg=cfg(ossl300)
  cargo:rustc-check-cfg=cfg(ossl310)
  cargo:rustc-check-cfg=cfg(ossl320)
  cargo:rustc-check-cfg=cfg(ossl330)
  cargo:rustc-check-cfg=cfg(ossl340)
  cargo:rerun-if-env-changed=X86_64_UNKNOWN_LINUX_GNU_OPENSSL_LIB_DIR
  X86_64_UNKNOWN_LINUX_GNU_OPENSSL_LIB_DIR unset
  cargo:rerun-if-env-changed=OPENSSL_LIB_DIR
  OPENSSL_LIB_DIR unset
  cargo:rerun-if-env-changed=X86_64_UNKNOWN_LINUX_GNU_OPENSSL_INCLUDE_DIR
  X86_64_UNKNOWN_LINUX_GNU_OPENSSL_INCLUDE_DIR unset
  cargo:rerun-if-env-changed=OPENSSL_INCLUDE_DIR
  OPENSSL_INCLUDE_DIR unset
  cargo:rerun-if-env-changed=X86_64_UNKNOWN_LINUX_GNU_OPENSSL_DIR
  X86_64_UNKNOWN_LINUX_GNU_OPENSSL_DIR unset
  cargo:rerun-if-env-changed=OPENSSL_DIR
  OPENSSL_DIR unset
  cargo:rerun-if-env-changed=OPENSSL_NO_PKG_CONFIG
  cargo:rerun-if-env-changed=PKG_CONFIG_x86_64-unknown-linux-gnu
  cargo:rerun-if-env-changed=PKG_CONFIG_x86_64_unknown_linux_gnu
  cargo:rerun-if-env-changed=HOST_PKG_CONFIG
  cargo:rerun-if-env-changed=PKG_CONFIG
  cargo:rerun-if-env-changed=OPENSSL_STATIC
  cargo:rerun-if-env-changed=OPENSSL_DYNAMIC
  cargo:rerun-if-env-changed=PKG_CONFIG_ALL_STATIC
  cargo:rerun-if-env-changed=PKG_CONFIG_ALL_DYNAMIC
  cargo:rerun-if-env-changed=PKG_CONFIG_PATH_x86_64-unknown-linux-gnu
  cargo:rerun-if-env-changed=PKG_CONFIG_PATH_x86_64_unknown_linux_gnu
  cargo:rerun-if-env-changed=HOST_PKG_CONFIG_PATH
  cargo:rerun-if-env-changed=PKG_CONFIG_PATH
  cargo:rerun-if-env-changed=PKG_CONFIG_LIBDIR_x86_64-unknown-linux-gnu
  cargo:rerun-if-env-changed=PKG_CONFIG_LIBDIR_x86_64_unknown_linux_gnu
  cargo:rerun-if-env-changed=HOST_PKG_CONFIG_LIBDIR
  cargo:rerun-if-env-changed=PKG_CONFIG_LIBDIR
  cargo:rerun-if-env-changed=PKG_CONFIG_SYSROOT_DIR_x86_64-unknown-linux-gnu
  cargo:rerun-if-env-changed=PKG_CONFIG_SYSROOT_DIR_x86_64_unknown_linux_gnu
  cargo:rerun-if-env-changed=HOST_PKG_CONFIG_SYSROOT_DIR
  cargo:rerun-if-env-changed=PKG_CONFIG_SYSROOT_DIR
  cargo:rerun-if-env-changed=OPENSSL_STATIC
  cargo:rerun-if-env-changed=OPENSSL_DYNAMIC
  cargo:rerun-if-env-changed=PKG_CONFIG_ALL_STATIC
  cargo:rerun-if-env-changed=PKG_CONFIG_ALL_DYNAMIC
  cargo:rerun-if-env-changed=PKG_CONFIG_PATH_x86_64-unknown-linux-gnu
  cargo:rerun-if-env-changed=PKG_CONFIG_PATH_x86_64_unknown_linux_gnu
  cargo:rerun-if-env-changed=HOST_PKG_CONFIG_PATH
  cargo:rerun-if-env-changed=PKG_CONFIG_PATH
  cargo:rerun-if-env-changed=PKG_CONFIG_LIBDIR_x86_64-unknown-linux-gnu
  cargo:rerun-if-env-changed=PKG_CONFIG_LIBDIR_x86_64_unknown_linux_gnu
  cargo:rerun-if-env-changed=HOST_PKG_CONFIG_LIBDIR
  cargo:rerun-if-env-changed=PKG_CONFIG_LIBDIR
  cargo:rerun-if-env-changed=PKG_CONFIG_SYSROOT_DIR_x86_64-unknown-linux-gnu
  cargo:rerun-if-env-changed=PKG_CONFIG_SYSROOT_DIR_x86_64_unknown_linux_gnu
  cargo:rerun-if-env-changed=HOST_PKG_CONFIG_SYSROOT_DIR
  cargo:rerun-if-env-changed=PKG_CONFIG_SYSROOT_DIR


  Could not find openssl via pkg-config:
  Could not run `PKG_CONFIG_ALLOW_SYSTEM_CFLAGS=1 pkg-config --libs --cflags openssl`
  The pkg-config command could not be found.

  Most likely, you need to install a pkg-config package for your OS.
  Try `apt install pkg-config`, or `yum install pkg-config`, or `brew install pkgconf`
  or `pkg install pkg-config`, or `apk add pkgconfig` depending on your distribution.

  If you've already installed it, ensure the pkg-config command is one of the
  directories in the PATH environment variable.

  If you did not expect this build to link to a pre-installed system library,
  then check documentation of the openssl-sys crate for an option to
  build the library from source, or disable features or dependencies
  that require pkg-config.

  cargo:warning=Could not find directory of OpenSSL installation, and this `-sys` crate cannot proceed without this knowledge. If OpenSSL is installed and this crate had trouble finding it,  you can set the `OPENSSL_DIR` environment variable for the compilation process. See stderr section below for further information.

  --- stderr


  Could not find directory of OpenSSL installation, and this `-sys` crate cannot
  proceed without this knowledge. If OpenSSL is installed and this crate had
  trouble finding it,  you can set the `OPENSSL_DIR` environment variable for the
  compilation process.

  Make sure you also have the development packages of openssl installed.
  For example, `libssl-dev` on Ubuntu or `openssl-devel` on Fedora.

  If you're in a situation where you think the directory *should* be found
  automatically, please open a bug at https://github.com/rust-openssl/rust-openssl
  and include information about your system as well as this message.

  $HOST = x86_64-unknown-linux-gnu
  $TARGET = x86_64-unknown-linux-gnu
  openssl-sys = 0.9.111


  It looks like you're compiling on Linux and also targeting Linux. Currently this
  requires the `pkg-config` utility to find OpenSSL but unfortunately `pkg-config`
  could not be found. If you have OpenSSL installed you can likely fix this by
  installing `pkg-config`.


warning: build failed, waiting for other jobs to finish...
