{
  "applicationCargoLockSha256": "f9eecf4571591300e1f29727c92c77f9e59cd767f723acc6f46e6f31cea63dcf",
  "cases": [
    {
      "dependencyResolutionPinned": true,
      "diagnosticSha256": "c3e97ab328467250679ee43a7435108322d999c0a801e4064cbe7a9ef0cbcaf5",
      "exitCode": 101,
      "fixtureCargoLockSha256": "24ce1a7381bb7abaaf7331e0545d551f0069612179c86bf5739e5b0fc12f6c1c",
      "lockedCompilerCheck": true,
      "module": "journal_storage",
      "privacyDiagnosticObserved": true,
      "seedCargoLockSha256": "f9eecf4571591300e1f29727c92c77f9e59cd767f723acc6f46e6f31cea63dcf"
    },
    {
      "dependencyResolutionPinned": true,
      "diagnosticSha256": "2c7ec59dcd1965107be8cb8d2f8f615c8c678510b86bb8fdf1e39b4d32cc83b6",
      "exitCode": 101,
      "fixtureCargoLockSha256": "9b6961ce29f37eb5ca06ea913294ebf6d61370f18202934ad180259395030b46",
      "lockedCompilerCheck": true,
      "module": "retirement",
      "privacyDiagnosticObserved": true,
      "seedCargoLockSha256": "f9eecf4571591300e1f29727c92c77f9e59cd767f723acc6f46e6f31cea63dcf"
    },
    {
      "dependencyResolutionPinned": true,
      "diagnosticSha256": "c94684ab2e511b7efa55e0d7c43b4a2c99cb782de8cdaf57ae8015df8197ad6d",
      "exitCode": 101,
      "fixtureCargoLockSha256": "1a3637cab801a52f5830ac8c3f9e5b608d471a3230f54995cbbe88d26514b3fa",
      "lockedCompilerCheck": true,
      "module": "task_supervisor",
      "privacyDiagnosticObserved": true,
      "seedCargoLockSha256": "f9eecf4571591300e1f29727c92c77f9e59cd767f723acc6f46e6f31cea63dcf"
    }
  ],
  "compilerNegativePassed": true,
  "effectAuthorityGranted": false,
  "releaseAuthorized": false,
  "schema": "hepta.ui-native-compile-negative.v1",
  "sourceSha": "ad84ac978cb9717a32d69373101eced53096d3c9"
}
elapsed=3.959 sec
