test_additional_roots_and_shared_utilities_must_be_dependencies (test_hepta_ui_native_map_adapter.NativeMapAdapterTests.test_additional_roots_and_shared_utilities_must_be_dependencies) ... ok
test_budget_contract_cannot_be_relaxed_by_metadata (test_hepta_ui_native_map_adapter.NativeMapAdapterTests.test_budget_contract_cannot_be_relaxed_by_metadata) ... ok
test_committed_production_and_transitive_dependency_drift_reject (test_hepta_ui_native_map_adapter.NativeMapAdapterTests.test_committed_production_and_transitive_dependency_drift_reject) ... ok
test_current_source_and_hidden_index_reject (test_hepta_ui_native_map_adapter.NativeMapAdapterTests.test_current_source_and_hidden_index_reject) ... ok
test_every_state_anchor_and_tree_must_match (test_hepta_ui_native_map_adapter.NativeMapAdapterTests.test_every_state_anchor_and_tree_must_match) ... ok
test_incomplete_and_execution_claims_cannot_be_promoted (test_hepta_ui_native_map_adapter.NativeMapAdapterTests.test_incomplete_and_execution_claims_cannot_be_promoted) ... ok
test_missing_unsafe_and_untracked_test_references_reject (test_hepta_ui_native_map_adapter.NativeMapAdapterTests.test_missing_unsafe_and_untracked_test_references_reject) ... ok
test_native_nonancestor_source_anchor_remains_rejected (test_hepta_ui_native_map_adapter.NativeMapAdapterTests.test_native_nonancestor_source_anchor_remains_rejected) ... ok
test_nested_qualification_claim_in_any_state_rejects (test_hepta_ui_native_map_adapter.NativeMapAdapterTests.test_nested_qualification_claim_in_any_state_rejects) ... ok
test_new_source_freeze_still_requires_the_mapped_function (test_hepta_ui_native_map_adapter.NativeMapAdapterTests.test_new_source_freeze_still_requires_the_mapped_function) ... ok
test_operation_inventory_and_every_exact_entrypoint_reject_tampering (test_hepta_ui_native_map_adapter.NativeMapAdapterTests.test_operation_inventory_and_every_exact_entrypoint_reject_tampering) ... ok
test_other_module_cannot_use_v6_bridge (test_hepta_ui_native_map_adapter.NativeMapAdapterTests.test_other_module_cannot_use_v6_bridge) ... ok
test_owner_schema_and_registered_ownership_are_fixed (test_hepta_ui_native_map_adapter.NativeMapAdapterTests.test_owner_schema_and_registered_ownership_are_fixed) ... ok
test_registered_native_root_cannot_redirect_to_another_owner (test_hepta_ui_native_map_adapter.NativeMapAdapterTests.test_registered_native_root_cannot_redirect_to_another_owner) ... ok
test_strict_checker_is_reused_and_v3_maps_stay_separate (test_hepta_ui_native_map_adapter.NativeMapAdapterTests.test_strict_checker_is_reused_and_v3_maps_stay_separate) ... ok
test_untracked_source_cannot_enter_frozen_closure (test_hepta_ui_native_map_adapter.NativeMapAdapterTests.test_untracked_source_cannot_enter_frozen_closure) ... ok
test_v3_cross_branch_provenance_stays_failed_with_valid_native_bridge (test_hepta_ui_native_map_adapter.NativeMapAdapterTests.test_v3_cross_branch_provenance_stays_failed_with_valid_native_bridge) ... ok
test_workflow_writes_and_dependency_filter_omissions_reject (test_hepta_ui_native_map_adapter.NativeMapAdapterTests.test_workflow_writes_and_dependency_filter_omissions_reject) ... ok

----------------------------------------------------------------------
Ran 18 tests in 4.395s

OK
