test_boolean_success_must_be_exact (test_hepta_ui_native_aggregate.AggregateTests.test_boolean_success_must_be_exact) ... ok
test_complete_matrix_returns_six_nonpromoting_subjects (test_hepta_ui_native_aggregate.AggregateTests.test_complete_matrix_returns_six_nonpromoting_subjects) ... ok
test_duplicate_artifact (test_hepta_ui_native_aggregate.AggregateTests.test_duplicate_artifact) ... ok
test_duplicate_json_key (test_hepta_ui_native_aggregate.AggregateTests.test_duplicate_json_key) ... ok
test_each_exact_identity_is_checked (test_hepta_ui_native_aggregate.AggregateTests.test_each_exact_identity_is_checked) ... ok
test_empty_run_identity (test_hepta_ui_native_aggregate.AggregateTests.test_empty_run_identity) ... ok
test_failed_skipped_cancelled_embedded_checks (test_hepta_ui_native_aggregate.AggregateTests.test_failed_skipped_cancelled_embedded_checks) ... ok
test_foreign_bundle (test_hepta_ui_native_aggregate.AggregateTests.test_foreign_bundle) ... ok
test_linux_product_cannot_promote_virtual_host_evidence (test_hepta_ui_native_aggregate.AggregateTests.test_linux_product_cannot_promote_virtual_host_evidence) ... ok
test_linux_product_requires_keyring_deletion_and_package_binding (test_hepta_ui_native_aggregate.AggregateTests.test_linux_product_requires_keyring_deletion_and_package_binding) ... ok
test_missing_bundle (test_hepta_ui_native_aggregate.AggregateTests.test_missing_bundle) ... ok
test_missing_check (test_hepta_ui_native_aggregate.AggregateTests.test_missing_check) ... ok
test_missing_false_or_promoting_flags (test_hepta_ui_native_aggregate.AggregateTests.test_missing_false_or_promoting_flags) ... ok
test_missing_or_foreign_linux_product_receipt (test_hepta_ui_native_aggregate.AggregateTests.test_missing_or_foreign_linux_product_receipt) ... ok
test_missing_receipt (test_hepta_ui_native_aggregate.AggregateTests.test_missing_receipt) ... ok
test_modified_log (test_hepta_ui_native_aggregate.AggregateTests.test_modified_log) ... ok
test_modified_or_missing_package (test_hepta_ui_native_aggregate.AggregateTests.test_modified_or_missing_package) ... ok
test_modified_retained_check (test_hepta_ui_native_aggregate.AggregateTests.test_modified_retained_check) ... ok
test_non_linux_product_receipt_is_refused (test_hepta_ui_native_aggregate.AggregateTests.test_non_linux_product_receipt_is_refused) ... ok
test_package_path_traversal (test_hepta_ui_native_aggregate.AggregateTests.test_package_path_traversal) ... ok
test_platform_and_inventory_substitution (test_hepta_ui_native_aggregate.AggregateTests.test_platform_and_inventory_substitution) ... ok
test_symlink_bundle_refused (test_hepta_ui_native_aggregate.AggregateTests.test_symlink_bundle_refused) ... ok
test_unbound_extra_package (test_hepta_ui_native_aggregate.AggregateTests.test_unbound_extra_package) ... ok
test_reconstructs_ordered_merge_from_real_git_objects (test_hepta_ui_native_aggregate.DeterministicSubjectTests.test_reconstructs_ordered_merge_from_real_git_objects) ... ok
test_another_private_module_does_not_prove_requested_module_is_private (test_hepta_ui_native_compile_negative.CompileNegativeTests.test_another_private_module_does_not_prove_requested_module_is_private) ... ok
test_diagnostic_output_is_bounded_but_retains_beginning_and_end (test_hepta_ui_native_compile_negative.CompileNegativeTests.test_diagnostic_output_is_bounded_but_retains_beginning_and_end) ... ok
test_empty_compiler_diagnostic_reports_missing_output (test_hepta_ui_native_compile_negative.CompileNegativeTests.test_empty_compiler_diagnostic_reports_missing_output) ... ok
test_exact_current_application_lock_seeds_fixture_then_locked_compiler_check (test_hepta_ui_native_compile_negative.CompileNegativeTests.test_exact_current_application_lock_seeds_fixture_then_locked_compiler_check) ... ok
test_host_discovery_failure_reports_error_and_stops_before_normalization (test_hepta_ui_native_compile_negative.CompileNegativeTests.test_host_discovery_failure_reports_error_and_stops_before_normalization) ... ok
test_host_discovery_rejects_missing_ambiguous_or_invalid_host (test_hepta_ui_native_compile_negative.CompileNegativeTests.test_host_discovery_rejects_missing_ambiguous_or_invalid_host) ... ok
test_locked_compiler_check_cannot_mutate_normalized_lock (test_hepta_ui_native_compile_negative.CompileNegativeTests.test_locked_compiler_check_cannot_mutate_normalized_lock) ... ok
test_main_reads_lock_from_current_source_and_records_its_digest (test_hepta_ui_native_compile_negative.CompileNegativeTests.test_main_reads_lock_from_current_source_and_records_its_digest) ... ok
test_metadata_filter_uses_discovered_host (test_hepta_ui_native_compile_negative.CompileNegativeTests.test_metadata_filter_uses_discovered_host) ... ok
test_module_text_without_privacy_error_code_does_not_pass (test_hepta_ui_native_compile_negative.CompileNegativeTests.test_module_text_without_privacy_error_code_does_not_pass) ... ok
test_nonprivacy_failure_includes_original_compiler_diagnostic (test_hepta_ui_native_compile_negative.CompileNegativeTests.test_nonprivacy_failure_includes_original_compiler_diagnostic) ... ok
test_normalization_failure_diagnostic_is_bounded (test_hepta_ui_native_compile_negative.CompileNegativeTests.test_normalization_failure_diagnostic_is_bounded) ... ok
test_normalization_failure_reports_resolver_error_and_stops_compiler (test_hepta_ui_native_compile_negative.CompileNegativeTests.test_normalization_failure_reports_resolver_error_and_stops_compiler) ... ok
test_normalization_that_does_not_add_fixture_stops_before_compiler (test_hepta_ui_native_compile_negative.CompileNegativeTests.test_normalization_that_does_not_add_fixture_stops_before_compiler) ... ok
test_normalization_that_floats_package_stops_before_compiler (test_hepta_ui_native_compile_negative.CompileNegativeTests.test_normalization_that_floats_package_stops_before_compiler) ... ok
test_successful_compilation_does_not_pass_even_with_privacy_text (test_hepta_ui_native_compile_negative.CompileNegativeTests.test_successful_compilation_does_not_pass_even_with_privacy_text) ... ok
test_changed_dependency_edge_rejected (test_hepta_ui_native_compile_negative.FixtureLockTests.test_changed_dependency_edge_rejected) ... ok
test_floating_version_rejected (test_hepta_ui_native_compile_negative.FixtureLockTests.test_floating_version_rejected) ... ok
test_reachable_packages_stay_pinned_when_cargo_prunes_dev_only_entries (test_hepta_ui_native_compile_negative.FixtureLockTests.test_reachable_packages_stay_pinned_when_cargo_prunes_dev_only_entries) ... ok
test_rehashed_dependency_checksum_substitution_rejected (test_hepta_ui_native_compile_negative.FixtureLockTests.test_rehashed_dependency_checksum_substitution_rejected) ... ok
test_checkout_attributes_are_frozen_in_worktree_and_commits (test_hepta_ui_native_convergence.FrozenImplementationTests.test_checkout_attributes_are_frozen_in_worktree_and_commits) ... warning: in the working copy of '.gitattributes', LF will be replaced by CRLF the next time Git touches it
warning: in the working copy of 'apps/hepta-native/.gitattributes', LF will be replaced by CRLF the next time Git touches it
ok
test_committed_portal_drift_rejects (test_hepta_ui_native_convergence.FrozenImplementationTests.test_committed_portal_drift_rejects) ... ok
test_committed_storage_budget_relaxation_rejects (test_hepta_ui_native_convergence.FrozenImplementationTests.test_committed_storage_budget_relaxation_rejects) ... ok
test_storage_budget_source_anchors_can_continue (test_hepta_ui_native_convergence.FrozenImplementationTests.test_storage_budget_source_anchors_can_continue) ... ok
test_unchanged_source_and_metadata_only_commit_pass (test_hepta_ui_native_convergence.FrozenImplementationTests.test_unchanged_source_and_metadata_only_commit_pass) ... ok
test_untracked_product_source_rejects (test_hepta_ui_native_convergence.FrozenImplementationTests.test_untracked_product_source_rejects) ... ok
test_worktree_and_staged_drift_reject (test_hepta_ui_native_convergence.FrozenImplementationTests.test_worktree_and_staged_drift_reject) ... ok
test_worktree_storage_budget_subject_drift_rejects (test_hepta_ui_native_convergence.FrozenImplementationTests.test_worktree_storage_budget_subject_drift_rejects) ... ok
test_actual_committed_transitive_runtime_change_is_rejected (test_hepta_ui_native_convergence.LocalCargoDependencyTests.test_actual_committed_transitive_runtime_change_is_rejected) ... ok
test_actual_untracked_transitive_source_is_rejected (test_hepta_ui_native_convergence.LocalCargoDependencyTests.test_actual_untracked_transitive_source_is_rejected) ... ok
test_ancestor_root_alias_cannot_hide_internal_dependency_symlink (test_hepta_ui_native_convergence.LocalCargoDependencyTests.test_ancestor_root_alias_cannot_hide_internal_dependency_symlink) ... ok
test_ancestor_root_alias_preserves_inherited_dependencies_and_freeze (test_hepta_ui_native_convergence.LocalCargoDependencyTests.test_ancestor_root_alias_preserves_inherited_dependencies_and_freeze) ... ok
test_internal_junction_is_rejected_but_declared_root_alias_is_admitted (test_hepta_ui_native_convergence.LocalCargoDependencyTests.test_internal_junction_is_rejected_but_declared_root_alias_is_admitted) ... skipped 'requires actual Windows NTFS junctions'
test_internal_parent_traversal_cannot_hide_a_dependency_symlink (test_hepta_ui_native_convergence.LocalCargoDependencyTests.test_internal_parent_traversal_cannot_hide_a_dependency_symlink) ... ok
test_outside_alias_cannot_reenter_the_repository (test_hepta_ui_native_convergence.LocalCargoDependencyTests.test_outside_alias_cannot_reenter_the_repository) ... ok
test_qualified_utility_tests_freeze_their_direct_dev_dependencies (test_hepta_ui_native_convergence.LocalCargoDependencyTests.test_qualified_utility_tests_freeze_their_direct_dev_dependencies) ... ok
test_standalone_app_evidence_metadata_can_continue (test_hepta_ui_native_convergence.LocalCargoDependencyTests.test_standalone_app_evidence_metadata_can_continue) ... ok
test_workflow_complete_dependency_and_projection_triggers_pass (test_hepta_ui_native_convergence.LocalCargoDependencyTests.test_workflow_complete_dependency_and_projection_triggers_pass) ... ok
test_workflow_missing_transitive_trigger_is_rejected (test_hepta_ui_native_convergence.LocalCargoDependencyTests.test_workflow_missing_transitive_trigger_is_rejected) ... ok
test_workspace_alias_target_build_and_root_dev_dependencies_are_frozen (test_hepta_ui_native_convergence.LocalCargoDependencyTests.test_workspace_alias_target_build_and_root_dev_dependencies_are_frozen) ... ok
test_actual_job_header_comments_cannot_hide_unavailable_contexts (test_hepta_ui_native_convergence.UiNativeConvergenceTests.test_actual_job_header_comments_cannot_hide_unavailable_contexts) ... ok
test_context_guard_preserves_step_contexts_and_literal_names (test_hepta_ui_native_convergence.UiNativeConvergenceTests.test_context_guard_preserves_step_contexts_and_literal_names) ... ok
test_exact_source_contract_is_fail_closed (test_hepta_ui_native_convergence.UiNativeConvergenceTests.test_exact_source_contract_is_fail_closed) ... ok
test_job_environment_rejects_runner_in_each_actual_job (test_hepta_ui_native_convergence.UiNativeConvergenceTests.test_job_environment_rejects_runner_in_each_actual_job) ... ok
test_release_claims_remain_independently_gated (test_hepta_ui_native_convergence.UiNativeConvergenceTests.test_release_claims_remain_independently_gated) ... ok
test_actual_timeout_fails (test_hepta_ui_native_evidence.ActualCommandTests.test_actual_timeout_fails) ... ok
test_inventory_changes_when_committed_source_changes (test_hepta_ui_native_evidence.ActualCommandTests.test_inventory_changes_when_committed_source_changes) ... ok
test_missing_executable_records_failure (test_hepta_ui_native_evidence.ActualCommandTests.test_missing_executable_records_failure) ... ok
test_mutated_source_cannot_get_success (test_hepta_ui_native_evidence.ActualCommandTests.test_mutated_source_cannot_get_success) ... ok
test_real_failure_is_not_hidden (test_hepta_ui_native_evidence.ActualCommandTests.test_real_failure_is_not_hidden) ... ok
test_real_success_writes_bound_receipt_outside_repository (test_hepta_ui_native_evidence.ActualCommandTests.test_real_success_writes_bound_receipt_outside_repository) ... ok
test_second_observation_does_not_overwrite_first (test_hepta_ui_native_evidence.ActualCommandTests.test_second_observation_does_not_overwrite_first) ... ok
test_boolean_exit_status_not_zero (test_hepta_ui_native_evidence.CheckValidationTests.test_boolean_exit_status_not_zero) ... ok
test_clock_without_timezone_refused (test_hepta_ui_native_evidence.CheckValidationTests.test_clock_without_timezone_refused) ... ok
test_command_missing_refused (test_hepta_ui_native_evidence.CheckValidationTests.test_command_missing_refused) ... ok
test_complete_matrix_checks_accepted (test_hepta_ui_native_evidence.CheckValidationTests.test_complete_matrix_checks_accepted) ... ok
test_dirty_source_refused (test_hepta_ui_native_evidence.CheckValidationTests.test_dirty_source_refused) ... ok
test_duplicate_check_refused (test_hepta_ui_native_evidence.CheckValidationTests.test_duplicate_check_refused) ... ok
test_failure_refused (test_hepta_ui_native_evidence.CheckValidationTests.test_failure_refused) ... ok
test_foreign_head_refused (test_hepta_ui_native_evidence.CheckValidationTests.test_foreign_head_refused) ... ok
test_foreign_tree_refused (test_hepta_ui_native_evidence.CheckValidationTests.test_foreign_tree_refused) ... ok
test_linux_requires_installed_product_test (test_hepta_ui_native_evidence.CheckValidationTests.test_linux_requires_installed_product_test) ... ok
test_missing_check_refused (test_hepta_ui_native_evidence.CheckValidationTests.test_missing_check_refused) ... ok
test_missing_log_refused (test_hepta_ui_native_evidence.CheckValidationTests.test_missing_log_refused) ... ok
test_modified_log_refused (test_hepta_ui_native_evidence.CheckValidationTests.test_modified_log_refused) ... ok
test_negative_clock_interval_refused (test_hepta_ui_native_evidence.CheckValidationTests.test_negative_clock_interval_refused) ... ok
test_path_traversal_refused (test_hepta_ui_native_evidence.CheckValidationTests.test_path_traversal_refused) ... ok
test_timeout_refused (test_hepta_ui_native_evidence.CheckValidationTests.test_timeout_refused) ... ok
test_unknown_platform_refused (test_hepta_ui_native_evidence.CheckValidationTests.test_unknown_platform_refused) ... ok
test_git_uses_explicit_strict_utf8 (test_hepta_ui_native_evidence.GitEncodingTests.test_git_uses_explicit_strict_utf8) ... ok
test_comments_and_string_literals_are_not_exports (test_hepta_ui_native_evidence.RustInventoryTests.test_comments_and_string_literals_are_not_exports) ... ok
test_lifetime_is_not_a_character (test_hepta_ui_native_evidence.RustInventoryTests.test_lifetime_is_not_a_character) ... ok
test_multiline_public_declarations (test_hepta_ui_native_evidence.RustInventoryTests.test_multiline_public_declarations) ... ok
test_restricted_visibility_is_not_claimed_public (test_hepta_ui_native_evidence.RustInventoryTests.test_restricted_visibility_is_not_claimed_public) ... ok
test_test_inventory_is_not_test_execution (test_hepta_ui_native_evidence.RustInventoryTests.test_test_inventory_is_not_test_execution) ... ok
test_tokio_test_attributes (test_hepta_ui_native_evidence.RustInventoryTests.test_tokio_test_attributes) ... ok
test_unterminated_comment_refused (test_hepta_ui_native_evidence.RustInventoryTests.test_unterminated_comment_refused) ... ok
test_unterminated_raw_string_refused (test_hepta_ui_native_evidence.RustInventoryTests.test_unterminated_raw_string_refused) ... ok
test_changed_event_base_sha_fails_before_any_output (test_hepta_ui_native_identity.QualificationIdentityTests.test_changed_event_base_sha_fails_before_any_output) ... ok
test_dispatch_uses_exact_selected_sha_and_pinned_manifest (test_hepta_ui_native_identity.QualificationIdentityTests.test_dispatch_uses_exact_selected_sha_and_pinned_manifest) ... ok
test_exact_event_records_one_parent_candidate_and_implementation (test_hepta_ui_native_identity.QualificationIdentityTests.test_exact_event_records_one_parent_candidate_and_implementation) ... ok
test_manifest_cannot_substitute_another_parent (test_hepta_ui_native_identity.QualificationIdentityTests.test_manifest_cannot_substitute_another_parent) ... ok
test_missing_event_base_cannot_fall_back_to_workflow_sha (test_hepta_ui_native_identity.QualificationIdentityTests.test_missing_event_base_cannot_fall_back_to_workflow_sha) ... ok
test_missing_pull_request_identity_cannot_fall_back (test_hepta_ui_native_identity.QualificationIdentityTests.test_missing_pull_request_identity_cannot_fall_back) ... ok
test_parallel_implementation_cannot_qualify_candidate (test_hepta_ui_native_identity.QualificationIdentityTests.test_parallel_implementation_cannot_qualify_candidate) ... ok
test_symbolic_head_ref_is_not_an_immutable_candidate (test_hepta_ui_native_identity.QualificationIdentityTests.test_symbolic_head_ref_is_not_an_immutable_candidate) ... ok
test_unrelated_implementation_commit_is_rejected (test_hepta_ui_native_identity.QualificationIdentityTests.test_unrelated_implementation_commit_is_rejected) ... ok
test_unsupported_event_does_not_borrow_a_candidate (test_hepta_ui_native_identity.QualificationIdentityTests.test_unsupported_event_does_not_borrow_a_candidate) ... ok
test_wrong_event_base_ref_cannot_use_the_same_sha (test_hepta_ui_native_identity.QualificationIdentityTests.test_wrong_event_base_ref_cannot_use_the_same_sha) ... ok
test_additional_roots_and_shared_utilities_must_be_dependencies (test_hepta_ui_native_map_adapter.NativeMapAdapterTests.test_additional_roots_and_shared_utilities_must_be_dependencies) ... ok
test_budget_contract_cannot_be_relaxed_by_metadata (test_hepta_ui_native_map_adapter.NativeMapAdapterTests.test_budget_contract_cannot_be_relaxed_by_metadata) ... ok
test_committed_production_and_transitive_dependency_drift_reject (test_hepta_ui_native_map_adapter.NativeMapAdapterTests.test_committed_production_and_transitive_dependency_drift_reject) ... ok
test_current_source_and_hidden_index_reject (test_hepta_ui_native_map_adapter.NativeMapAdapterTests.test_current_source_and_hidden_index_reject) ... ok
test_every_state_anchor_and_tree_must_match (test_hepta_ui_native_map_adapter.NativeMapAdapterTests.test_every_state_anchor_and_tree_must_match) ... ok
test_incomplete_and_execution_claims_cannot_be_promoted (test_hepta_ui_native_map_adapter.NativeMapAdapterTests.test_incomplete_and_execution_claims_cannot_be_promoted) ... ok
test_missing_unsafe_and_untracked_test_references_reject (test_hepta_ui_native_map_adapter.NativeMapAdapterTests.test_missing_unsafe_and_untracked_test_references_reject) ... ok
test_native_nonancestor_source_anchor_remains_rejected (test_hepta_ui_native_map_adapter.NativeMapAdapterTests.test_native_nonancestor_source_anchor_remains_rejected) ... ok
test_nested_qualification_claim_in_any_state_rejects (test_hepta_ui_native_map_adapter.NativeMapAdapterTests.test_nested_qualification_claim_in_any_state_rejects) ... ok
test_new_source_freeze_still_requires_the_mapped_function (test_hepta_ui_native_map_adapter.NativeMapAdapterTests.test_new_source_freeze_still_requires_the_mapped_function) ... ok
test_operation_inventory_and_every_exact_entrypoint_reject_tampering (test_hepta_ui_native_map_adapter.NativeMapAdapterTests.test_operation_inventory_and_every_exact_entrypoint_reject_tampering) ... ok
test_other_module_cannot_use_v6_bridge (test_hepta_ui_native_map_adapter.NativeMapAdapterTests.test_other_module_cannot_use_v6_bridge) ... ok
test_owner_schema_and_registered_ownership_are_fixed (test_hepta_ui_native_map_adapter.NativeMapAdapterTests.test_owner_schema_and_registered_ownership_are_fixed) ... ok
test_registered_native_root_cannot_redirect_to_another_owner (test_hepta_ui_native_map_adapter.NativeMapAdapterTests.test_registered_native_root_cannot_redirect_to_another_owner) ... ok
test_strict_checker_is_reused_and_v3_maps_stay_separate (test_hepta_ui_native_map_adapter.NativeMapAdapterTests.test_strict_checker_is_reused_and_v3_maps_stay_separate) ... ok
test_untracked_source_cannot_enter_frozen_closure (test_hepta_ui_native_map_adapter.NativeMapAdapterTests.test_untracked_source_cannot_enter_frozen_closure) ... ok
test_v3_cross_branch_provenance_stays_failed_with_valid_native_bridge (test_hepta_ui_native_map_adapter.NativeMapAdapterTests.test_v3_cross_branch_provenance_stays_failed_with_valid_native_bridge) ... ok
test_workflow_writes_and_dependency_filter_omissions_reject (test_hepta_ui_native_map_adapter.NativeMapAdapterTests.test_workflow_writes_and_dependency_filter_omissions_reject) ... ok
test_all_platforms_have_closed_population_and_product_version (_hepta_native_package_security.PackageSecurityTests.test_all_platforms_have_closed_population_and_product_version) ... ok
test_archive_symlink_is_rejected (_hepta_native_package_security.PackageSecurityTests.test_archive_symlink_is_rejected) ... ok
test_binary_and_file_inventory_must_agree (_hepta_native_package_security.PackageSecurityTests.test_binary_and_file_inventory_must_agree) ... ok
test_binary_inventory_cannot_drop_updater (_hepta_native_package_security.PackageSecurityTests.test_binary_inventory_cannot_drop_updater) ... ok
test_binary_tampering_is_rejected (_hepta_native_package_security.PackageSecurityTests.test_binary_tampering_is_rejected) ... ok
test_case_aliased_member_is_rejected (_hepta_native_package_security.PackageSecurityTests.test_case_aliased_member_is_rejected) ... ok
test_destination_parent_symlink_is_rejected (_hepta_native_package_security.PackageSecurityTests.test_destination_parent_symlink_is_rejected) ... ok
test_digest_must_be_canonical_sha256 (_hepta_native_package_security.PackageSecurityTests.test_digest_must_be_canonical_sha256) ... ok
test_duplicate_manifest_fields_are_rejected (_hepta_native_package_security.PackageSecurityTests.test_duplicate_manifest_fields_are_rejected) ... ok
test_exact_duplicate_member_is_rejected (_hepta_native_package_security.PackageSecurityTests.test_exact_duplicate_member_is_rejected) ... ok
test_existing_destination_is_not_deleted (_hepta_native_package_security.PackageSecurityTests.test_existing_destination_is_not_deleted) ... ok
test_extra_unlisted_member_is_rejected (_hepta_native_package_security.PackageSecurityTests.test_extra_unlisted_member_is_rejected) ... ok
test_extraction_reuses_the_validated_archive_handle (_hepta_native_package_security.PackageSecurityTests.test_extraction_reuses_the_validated_archive_handle) ... ok
test_file_directory_prefix_collision_is_rejected (_hepta_native_package_security.PackageSecurityTests.test_file_directory_prefix_collision_is_rejected) ... ok
test_file_inventory_cannot_drop_metadata (_hepta_native_package_security.PackageSecurityTests.test_file_inventory_cannot_drop_metadata) ... ok
test_invalid_archive_never_creates_destination (_hepta_native_package_security.PackageSecurityTests.test_invalid_archive_never_creates_destination) ... ok
test_manifest_size_bound (_hepta_native_package_security.PackageSecurityTests.test_manifest_size_bound) ... ok
test_member_count_bound (_hepta_native_package_security.PackageSecurityTests.test_member_count_bound) ... ok
test_member_size_bound (_hepta_native_package_security.PackageSecurityTests.test_member_size_bound) ... ok
test_metadata_tampering_is_rejected (_hepta_native_package_security.PackageSecurityTests.test_metadata_tampering_is_rejected) ... ok
test_mismatched_platform_root_is_rejected (_hepta_native_package_security.PackageSecurityTests.test_mismatched_platform_root_is_rejected) ... ok
test_missing_binary_is_rejected (_hepta_native_package_security.PackageSecurityTests.test_missing_binary_is_rejected) ... ok
test_multiple_roots_are_rejected (_hepta_native_package_security.PackageSecurityTests.test_multiple_roots_are_rejected) ... ok
test_mutated_bytes_after_validation_are_rejected_during_extraction (_hepta_native_package_security.PackageSecurityTests.test_mutated_bytes_after_validation_are_rejected_during_extraction) ... ok
test_non_windows_package_cannot_declare_registration (_hepta_native_package_security.PackageSecurityTests.test_non_windows_package_cannot_declare_registration) ... ok
test_nonportable_paths_are_rejected (_hepta_native_package_security.PackageSecurityTests.test_nonportable_paths_are_rejected) ... ok
test_package_builder_never_deletes_existing_output (_hepta_native_package_security.PackageSecurityTests.test_package_builder_never_deletes_existing_output) ... ok
test_placeholder_and_malformed_versions_are_rejected (_hepta_native_package_security.PackageSecurityTests.test_placeholder_and_malformed_versions_are_rejected) ... ok
test_registration_command_cannot_select_another_program_or_arguments (_hepta_native_package_security.PackageSecurityTests.test_registration_command_cannot_select_another_program_or_arguments) ... ok
test_reproducible_three_platform_packages (_hepta_native_package_security.PackageSecurityTests.test_reproducible_three_platform_packages) ... ok
test_self_listed_extra_member_cannot_expand_platform_contract (_hepta_native_package_security.PackageSecurityTests.test_self_listed_extra_member_cannot_expand_platform_contract) ... ok
test_special_member_types_and_privileged_modes_are_rejected (_hepta_native_package_security.PackageSecurityTests.test_special_member_types_and_privileged_modes_are_rejected) ... ok
test_total_expansion_bound (_hepta_native_package_security.PackageSecurityTests.test_total_expansion_bound) ... ok
test_unknown_schema_is_rejected (_hepta_native_package_security.PackageSecurityTests.test_unknown_schema_is_rejected) ... ok
test_unsigned_manifest_cannot_promote_authority (_hepta_native_package_security.PackageSecurityTests.test_unsigned_manifest_cannot_promote_authority) ... ok
test_portal_packaging_and_identity_are_frozen_with_candidate (test_hepta_ui_native_product_closure.UiNativeProductClosureTests.test_portal_packaging_and_identity_are_frozen_with_candidate) ... ok
test_product_closure_contracts_remain_fail_closed (test_hepta_ui_native_product_closure.UiNativeProductClosureTests.test_product_closure_contracts_remain_fail_closed) ... ok
test_release_flags_remain_false (test_hepta_ui_native_product_closure.UiNativeProductClosureTests.test_release_flags_remain_false) ... ok
test_bound_six_subject_supply_chain_passes (test_hepta_ui_native_qualification_aggregate.SupplyChainAggregateTests.test_bound_six_subject_supply_chain_passes) ... ok
test_consistently_rehashed_foreign_lock_claims_reject (test_hepta_ui_native_qualification_aggregate.SupplyChainAggregateTests.test_consistently_rehashed_foreign_lock_claims_reject) ... ok
test_foreign_frozen_implementation_rejects_even_with_new_hashes (test_hepta_ui_native_qualification_aggregate.SupplyChainAggregateTests.test_foreign_frozen_implementation_rejects_even_with_new_hashes) ... ok
test_foreign_package_rejects_even_with_new_hashes (test_hepta_ui_native_qualification_aggregate.SupplyChainAggregateTests.test_foreign_package_rejects_even_with_new_hashes) ... ok
test_foreign_run_provenance_rejects_even_with_new_hashes (test_hepta_ui_native_qualification_aggregate.SupplyChainAggregateTests.test_foreign_run_provenance_rejects_even_with_new_hashes) ... ok
test_foreign_sbom_package_rejects_even_with_new_hashes (test_hepta_ui_native_qualification_aggregate.SupplyChainAggregateTests.test_foreign_sbom_package_rejects_even_with_new_hashes) ... ok
test_missing_deleted_or_substituted_dependencies_reject_even_with_new_hashes (test_hepta_ui_native_qualification_aggregate.SupplyChainAggregateTests.test_missing_deleted_or_substituted_dependencies_reject_even_with_new_hashes) ... ok
test_modified_working_tree_locks_do_not_replace_exact_subject_blobs (test_hepta_ui_native_qualification_aggregate.SupplyChainAggregateTests.test_modified_working_tree_locks_do_not_replace_exact_subject_blobs) ... ok
test_current_rust_adapter_wiring_retains_positive_contracts (test_hepta_ui_native_rust_platform.NativeRustPlatformGuardTests.test_current_rust_adapter_wiring_retains_positive_contracts) ... ok
test_embedded_script_cannot_hide_inside_a_rust_source_file (test_hepta_ui_native_rust_platform.NativeRustPlatformGuardTests.test_embedded_script_cannot_hide_inside_a_rust_source_file) ... ok
test_helper_cannot_accept_an_arbitrary_argument_prefix (test_hepta_ui_native_rust_platform.NativeRustPlatformGuardTests.test_helper_cannot_accept_an_arbitrary_argument_prefix) ... ok
test_helper_keeps_identity_request_bound_and_owned_lifetime (test_hepta_ui_native_rust_platform.NativeRustPlatformGuardTests.test_helper_keeps_identity_request_bound_and_owned_lifetime) ... ok
test_native_notification_identity_and_literal_text_stay_explicit (test_hepta_ui_native_rust_platform.NativeRustPlatformGuardTests.test_native_notification_identity_and_literal_text_stay_explicit) ... ok
test_pipe_polling_contracts_cannot_be_removed (test_hepta_ui_native_rust_platform.NativeRustPlatformGuardTests.test_pipe_polling_contracts_cannot_be_removed) ... ok
test_portal_owner_path_queue_and_response_bounds_are_independent (test_hepta_ui_native_rust_platform.NativeRustPlatformGuardTests.test_portal_owner_path_queue_and_response_bounds_are_independent) ... ok
test_required_module_must_be_present_in_its_own_source_path (test_hepta_ui_native_rust_platform.NativeRustPlatformGuardTests.test_required_module_must_be_present_in_its_own_source_path) ... ok
test_resource_handoff_requires_the_retained_file_descriptor (test_hepta_ui_native_rust_platform.NativeRustPlatformGuardTests.test_resource_handoff_requires_the_retained_file_descriptor) ... ok
test_retired_interpreter_or_path_launcher_cannot_return (test_hepta_ui_native_rust_platform.NativeRustPlatformGuardTests.test_retired_interpreter_or_path_launcher_cannot_return) ... ok
test_fingerprints_only_committed_sources (test_hepta_ui_native_source.CurrentSourceTests.test_fingerprints_only_committed_sources) ... ok
test_json_equivalent_crlf_manifest_is_still_rejected (test_hepta_ui_native_source.CurrentSourceTests.test_json_equivalent_crlf_manifest_is_still_rejected) ... ok
test_manifest_stays_exact_with_windows_default_newlines (test_hepta_ui_native_source.CurrentSourceTests.test_manifest_stays_exact_with_windows_default_newlines) ... warning: in the working copy of 'apps/hepta-native/CURRENT_SOURCE.json', LF will be replaced by CRLF the next time Git touches it
ok
test_metadata_only_commit_is_not_selected_as_source (test_hepta_ui_native_source.CurrentSourceTests.test_metadata_only_commit_is_not_selected_as_source) ... ok
test_new_committed_source_cannot_be_hidden_by_manifest_policy (test_hepta_ui_native_source.CurrentSourceTests.test_new_committed_source_cannot_be_hidden_by_manifest_policy) ... ok
test_new_committed_source_is_automatically_inventoried (test_hepta_ui_native_source.CurrentSourceTests.test_new_committed_source_is_automatically_inventoried) ... ok
test_nonpromoting_flags_are_required (test_hepta_ui_native_source.CurrentSourceTests.test_nonpromoting_flags_are_required) ... ok
test_retired_navigation_is_rewritten (test_hepta_ui_native_source.CurrentSourceTests.test_retired_navigation_is_rewritten) ... ok
test_stale_canonical_branch_rejected (test_hepta_ui_native_source.CurrentSourceTests.test_stale_canonical_branch_rejected) ... ok
test_sync_registry_keeps_standalone_app_out_of_cargo_bindings (test_hepta_ui_native_source.CurrentSourceTests.test_sync_registry_keeps_standalone_app_out_of_cargo_bindings) ... ok
test_wrong_current_branch_refused (test_hepta_ui_native_source.CurrentSourceTests.test_wrong_current_branch_refused) ... ok
test_cli_emits_same_validated_result (test_hepta_ui_native_storage.StorageQualificationTests.test_cli_emits_same_validated_result) ... ok
test_combined_journal_is_required_and_its_schema_is_bound (test_hepta_ui_native_storage.StorageQualificationTests.test_combined_journal_is_required_and_its_schema_is_bound) ... ok
test_combined_missing_history_scope_page_and_observations_rejected (test_hepta_ui_native_storage.StorageQualificationTests.test_combined_missing_history_scope_page_and_observations_rejected) ... ok
test_combined_process_observations_bind_both_loaded_populations (test_hepta_ui_native_storage.StorageQualificationTests.test_combined_process_observations_bind_both_loaded_populations) ... ok
test_combined_rss_obeys_the_lower_of_both_existing_ceilings (test_hepta_ui_native_storage.StorageQualificationTests.test_combined_rss_obeys_the_lower_of_both_existing_ceilings) ... ok
test_combined_summary_cannot_substitute_source_or_subjects (test_hepta_ui_native_storage.StorageQualificationTests.test_combined_summary_cannot_substitute_source_or_subjects) ... ok
test_debug_missing_and_invalid_build_scope_rejected_for_every_subject (test_hepta_ui_native_storage.StorageQualificationTests.test_debug_missing_and_invalid_build_scope_rejected_for_every_subject) ... ok
test_duplicate_json_keys_rejected_including_nested_observations (test_hepta_ui_native_storage.StorageQualificationTests.test_duplicate_json_keys_rejected_including_nested_observations) ... ok
test_each_raw_process_observation_must_have_release_profile (test_hepta_ui_native_storage.StorageQualificationTests.test_each_raw_process_observation_must_have_release_profile) ... ok
test_each_rehashed_rebuild_observation_binds_scope_shape_assets_and_head (test_hepta_ui_native_storage.StorageQualificationTests.test_each_rehashed_rebuild_observation_binds_scope_shape_assets_and_head) ... ok
test_each_sample_population_obeys_its_budget (test_hepta_ui_native_storage.StorageQualificationTests.test_each_sample_population_obeys_its_budget) ... ok
test_foreign_source_and_promoting_budgets_rejected (test_hepta_ui_native_storage.StorageQualificationTests.test_foreign_source_and_promoting_budgets_rejected) ... ok
test_history_bytes_are_positive_bounded_and_bound_to_observations (test_hepta_ui_native_storage.StorageQualificationTests.test_history_bytes_are_positive_bounded_and_bound_to_observations) ... ok
test_history_scope_and_page_size_are_explicit (test_hepta_ui_native_storage.StorageQualificationTests.test_history_scope_and_page_size_are_explicit) ... ok
test_inflated_short_or_noninteger_transition_counts_rejected (test_hepta_ui_native_storage.StorageQualificationTests.test_inflated_short_or_noninteger_transition_counts_rejected) ... ok
test_insufficient_process_count_and_budget_rejected (test_hepta_ui_native_storage.StorageQualificationTests.test_insufficient_process_count_and_budget_rejected) ... ok
test_missing_or_short_sample_arrays_rejected (test_hepta_ui_native_storage.StorageQualificationTests.test_missing_or_short_sample_arrays_rejected) ... ok
test_missing_process_observations_rejected (test_hepta_ui_native_storage.StorageQualificationTests.test_missing_process_observations_rejected) ... ok
test_missing_sync_or_writes_rejected (test_hepta_ui_native_storage.StorageQualificationTests.test_missing_sync_or_writes_rejected) ... ok
test_mutation_percentile_substitution_is_rejected (test_hepta_ui_native_storage.StorageQualificationTests.test_mutation_percentile_substitution_is_rejected) ... ok
test_mutation_raw_percentiles_obey_each_performance_ceiling (test_hepta_ui_native_storage.StorageQualificationTests.test_mutation_raw_percentiles_obey_each_performance_ceiling) ... ok
test_nearest_rank_p95_does_not_use_maximum_sample (test_hepta_ui_native_storage.StorageQualificationTests.test_nearest_rank_p95_does_not_use_maximum_sample) ... ok
test_nonfinite_negative_and_boolean_samples_rejected (test_hepta_ui_native_storage.StorageQualificationTests.test_nonfinite_negative_and_boolean_samples_rejected) ... ok
test_open_scope_cannot_claim_controlled_page_cache (test_hepta_ui_native_storage.StorageQualificationTests.test_open_scope_cannot_claim_controlled_page_cache) ... ok
test_percentile_substitution_rejected_for_every_population (test_hepta_ui_native_storage.StorageQualificationTests.test_percentile_substitution_rejected_for_every_population) ... ok
test_process_identity_and_elapsed_substitution_rejected (test_hepta_ui_native_storage.StorageQualificationTests.test_process_identity_and_elapsed_substitution_rejected) ... ok
test_process_observations_require_unique_positive_pids (test_hepta_ui_native_storage.StorageQualificationTests.test_process_observations_require_unique_positive_pids) ... ok
test_process_rss_cannot_exceed_summary_or_be_negative (test_hepta_ui_native_storage.StorageQualificationTests.test_process_rss_cannot_exceed_summary_or_be_negative) ... ok
test_raw_evidence_and_trace_symlinks_rejected (test_hepta_ui_native_storage.StorageQualificationTests.test_raw_evidence_and_trace_symlinks_rejected) ... ok
test_raw_mutation_samples_are_complete_finite_and_nonnegative (test_hepta_ui_native_storage.StorageQualificationTests.test_raw_mutation_samples_are_complete_finite_and_nonnegative) ... ok
test_rebuild_determinism_flag_cannot_hide_sample_head_mismatch (test_hepta_ui_native_storage.StorageQualificationTests.test_rebuild_determinism_flag_cannot_hide_sample_head_mismatch) ... ok
test_rebuild_fixture_generation_time_is_finite_nonnegative (test_hepta_ui_native_storage.StorageQualificationTests.test_rebuild_fixture_generation_time_is_finite_nonnegative) ... ok
test_rebuild_observation_numeric_shape_fields_reject_boolean_or_fraction (test_hepta_ui_native_storage.StorageQualificationTests.test_rebuild_observation_numeric_shape_fields_reject_boolean_or_fraction) ... ok
test_rehashed_coherently_forged_clustered_shape_still_fails (test_hepta_ui_native_storage.StorageQualificationTests.test_rehashed_coherently_forged_clustered_shape_still_fails) ... ok
test_rehashed_combined_open_and_history_overbudget_samples_rejected (test_hepta_ui_native_storage.StorageQualificationTests.test_rehashed_combined_open_and_history_overbudget_samples_rejected) ... ok
test_rehashed_combined_retained_bytes_cannot_exceed_existing_ceiling (test_hepta_ui_native_storage.StorageQualificationTests.test_rehashed_combined_retained_bytes_cannot_exceed_existing_ceiling) ... ok
test_rehashed_legacy_clustered_rebuild_evidence_is_rejected (test_hepta_ui_native_storage.StorageQualificationTests.test_rehashed_legacy_clustered_rebuild_evidence_is_rejected) ... ok
test_rehashed_rebuild_summary_requires_real_batch_and_mixed_shape (test_hepta_ui_native_storage.StorageQualificationTests.test_rehashed_rebuild_summary_requires_real_batch_and_mixed_shape) ... ok
test_rehashed_rebuild_summary_scope_and_workload_cannot_be_substituted (test_hepta_ui_native_storage.StorageQualificationTests.test_rehashed_rebuild_summary_scope_and_workload_cannot_be_substituted) ... ok
test_rehashed_summary_expected_indexed_head_must_be_a_sha256 (test_hepta_ui_native_storage.StorageQualificationTests.test_rehashed_summary_expected_indexed_head_must_be_a_sha256) ... ok
test_resumed_state_writes_and_syncs_are_counted (test_hepta_ui_native_storage.StorageQualificationTests.test_resumed_state_writes_and_syncs_are_counted) ... ok
test_root_name_in_stdout_and_similar_prefix_does_not_count (test_hepta_ui_native_storage.StorageQualificationTests.test_root_name_in_stdout_and_similar_prefix_does_not_count) ... ok
test_rss_requires_nonnegative_integer_and_respects_each_budget (test_hepta_ui_native_storage.StorageQualificationTests.test_rss_requires_nonnegative_integer_and_respects_each_budget) ... ok
test_trace_requires_a_successful_sync_for_every_state_transition (test_hepta_ui_native_storage.StorageQualificationTests.test_trace_requires_a_successful_sync_for_every_state_transition) ... ok
test_unfinished_state_syscall_cannot_lower_write_amplification (test_hepta_ui_native_storage.StorageQualificationTests.test_unfinished_state_syscall_cannot_lower_write_amplification) ... ok
test_valid_raw_evidence_is_bound_to_hashes_and_nonpromoting_flags (test_hepta_ui_native_storage.StorageQualificationTests.test_valid_raw_evidence_is_bound_to_hashes_and_nonpromoting_flags) ... ok
test_autocrlf_checkout_matches_git_inventory_only_with_lf_attributes (test_hepta_ui_native_supply_chain.UiNativeSupplyChainTests.test_autocrlf_checkout_matches_git_inventory_only_with_lf_attributes) ... ok
test_emits_bound_non_promoting_evidence (test_hepta_ui_native_supply_chain.UiNativeSupplyChainTests.test_emits_bound_non_promoting_evidence) ... ok
test_rejects_promoted_unsigned_package (test_hepta_ui_native_supply_chain.UiNativeSupplyChainTests.test_rejects_promoted_unsigned_package) ... ok
test_dirty_source_is_still_rejected (test_hepta_ui_native_workflow.PlatformConstructionTests.test_dirty_source_is_still_rejected) ... ok
test_exact_head_records_evidence_without_dirtying_checkout (test_hepta_ui_native_workflow.PlatformConstructionTests.test_exact_head_records_evidence_without_dirtying_checkout) ... ok
test_head_and_merge_parse_quoted_python_with_native_platform_bash (test_hepta_ui_native_workflow.PlatformConstructionTests.test_head_and_merge_parse_quoted_python_with_native_platform_bash) ... ok
test_merge_constructor_sends_binary_lf_and_matches_aggregate (test_hepta_ui_native_workflow.PlatformConstructionTests.test_merge_constructor_sends_binary_lf_and_matches_aggregate) ... ok
test_merge_preserves_ordered_parents_and_clean_checkout (test_hepta_ui_native_workflow.PlatformConstructionTests.test_merge_preserves_ordered_parents_and_clean_checkout) ... ok
test_storage_preparation_exports_target_for_later_steps (test_hepta_ui_native_workflow.PlatformConstructionTests.test_storage_preparation_exports_target_for_later_steps) ... ok
test_failed_storage_stage_is_rejected (test_hepta_ui_native_workflow.RepositoryAggregateTests.test_failed_storage_stage_is_rejected) ... ok
test_foreign_attempt_storage_is_rejected (test_hepta_ui_native_workflow.RepositoryAggregateTests.test_foreign_attempt_storage_is_rejected) ... ok
test_foreign_platform_implementation_is_rejected (test_hepta_ui_native_workflow.RepositoryAggregateTests.test_foreign_platform_implementation_is_rejected) ... ok
test_forged_pass_and_rehashed_over_budget_samples_are_rejected (test_hepta_ui_native_workflow.RepositoryAggregateTests.test_forged_pass_and_rehashed_over_budget_samples_are_rejected) ... ok
test_modified_raw_storage_inputs_are_rejected (test_hepta_ui_native_workflow.RepositoryAggregateTests.test_modified_raw_storage_inputs_are_rejected) ... ok
test_modified_trace_is_rejected (test_hepta_ui_native_workflow.RepositoryAggregateTests.test_modified_trace_is_rejected) ... ok
test_same_run_retained_storage_inputs_are_accepted (test_hepta_ui_native_workflow.RepositoryAggregateTests.test_same_run_retained_storage_inputs_are_accepted) ... ok
test_windows_uses_git_bash_even_with_another_bash_on_path (test_hepta_ui_native_workflow.ShellSelectionTests.test_windows_uses_git_bash_even_with_another_bash_on_path) ... ok
test_windows_without_git_bash_fails_instead_of_using_another_shell (test_hepta_ui_native_workflow.ShellSelectionTests.test_windows_without_git_bash_fails_instead_of_using_another_shell) ... ok
test_actual_storage_shell_commands_build_and_run_release_harness (test_hepta_ui_native_workflow.StorageReleaseProfileTests.test_actual_storage_shell_commands_build_and_run_release_harness) ... ok

----------------------------------------------------------------------
Ran 263 tests in 11.659s

OK (skipped=1)
verified 1 native source identities; inventory_sha256=2d460a87a5c8550a9fa072e3128ca7db0662befaa8097e8020ad8823963ed49f
verified 1 native source identities; inventory_sha256=2d460a87a5c8550a9fa072e3128ca7db0662befaa8097e8020ad8823963ed49f
verified 1 native source identities; inventory_sha256=2d460a87a5c8550a9fa072e3128ca7db0662befaa8097e8020ad8823963ed49f
verified 1 native source identities; inventory_sha256=2d460a87a5c8550a9fa072e3128ca7db0662befaa8097e8020ad8823963ed49f
verified 1 native source identities; inventory_sha256=2d460a87a5c8550a9fa072e3128ca7db0662befaa8097e8020ad8823963ed49f
verified 1 native source identities; inventory_sha256=2d460a87a5c8550a9fa072e3128ca7db0662befaa8097e8020ad8823963ed49f
verified 1 native source identities; inventory_sha256=2d460a87a5c8550a9fa072e3128ca7db0662befaa8097e8020ad8823963ed49f
verified 1 native source identities; inventory_sha256=2d460a87a5c8550a9fa072e3128ca7db0662befaa8097e8020ad8823963ed49f
