test_all_candidate_policy_maps_pass_without_legacy_batch (test_hepta_implementation_maps.SourceIdentityTests.test_all_candidate_policy_maps_pass_without_legacy_batch) ... ok
test_all_module_migration_only_rebinds_changed_source (test_hepta_implementation_maps.SourceIdentityTests.test_all_module_migration_only_rebinds_changed_source) ... ok
test_ambient_git_dir_does_not_redirect_verification (test_hepta_implementation_maps.SourceIdentityTests.test_ambient_git_dir_does_not_redirect_verification) ... ok
test_assume_unchanged_cannot_hide_native_drift (test_hepta_implementation_maps.SourceIdentityTests.test_assume_unchanged_cannot_hide_native_drift) ... ok
test_clean_hidden_index_is_not_an_exact_checkout (test_hepta_implementation_maps.SourceIdentityTests.test_clean_hidden_index_is_not_an_exact_checkout) ... ok
test_clearing_hidden_flag_restores_verification_without_rebinding (test_hepta_implementation_maps.SourceIdentityTests.test_clearing_hidden_flag_restores_verification_without_rebinding) ... ok
test_closed_public_inventory_rejects_nonexistent_exports (test_hepta_implementation_maps.SourceIdentityTests.test_closed_public_inventory_rejects_nonexistent_exports) ... ok
test_closed_public_inventory_rejects_unmapped_exports (test_hepta_implementation_maps.SourceIdentityTests.test_closed_public_inventory_rejects_unmapped_exports) ... ok
test_closed_public_inventory_uses_resolved_crate_roots (test_hepta_implementation_maps.SourceIdentityTests.test_closed_public_inventory_uses_resolved_crate_roots) ... ok
test_closed_world_markers_cannot_escape_source_namespace (test_hepta_implementation_maps.SourceIdentityTests.test_closed_world_markers_cannot_escape_source_namespace) ... ok
test_closed_world_writer_binding_preserves_exact_source_identity (test_hepta_implementation_maps.SourceIdentityTests.test_closed_world_writer_binding_preserves_exact_source_identity) ... ok
test_combined_index_flags_cannot_hide_native_drift (test_hepta_implementation_maps.SourceIdentityTests.test_combined_index_flags_cannot_hide_native_drift) ... ok
test_composed_caller_requires_nonempty_source_binding_list (test_hepta_implementation_maps.SourceIdentityTests.test_composed_caller_requires_nonempty_source_binding_list) ... ok
test_composed_writer_rejects_missing_closed_world_bindings (test_hepta_implementation_maps.SourceIdentityTests.test_composed_writer_rejects_missing_closed_world_bindings) ... ok
test_conflicting_legacy_caller_aliases_reject_before_any_write (test_hepta_implementation_maps.SourceIdentityTests.test_conflicting_legacy_caller_aliases_reject_before_any_write) ... ok
test_delegated_caller_drift_rejects (test_hepta_implementation_maps.SourceIdentityTests.test_delegated_caller_drift_rejects) ... ok
test_document_only_commit_preserves_evidence (test_hepta_implementation_maps.SourceIdentityTests.test_document_only_commit_preserves_evidence) ... ok
test_duplicate_json_keys_reject (test_hepta_implementation_maps.SourceIdentityTests.test_duplicate_json_keys_reject) ... ok
test_duplicate_module_identity_rejects (test_hepta_implementation_maps.SourceIdentityTests.test_duplicate_module_identity_rejects) ... ok
test_empty_registry_rejects (test_hepta_implementation_maps.SourceIdentityTests.test_empty_registry_rejects) ... ok
test_exact_blob_migration_preserves_provenance_and_rebinds_observation (test_hepta_implementation_maps.SourceIdentityTests.test_exact_blob_migration_preserves_provenance_and_rebinds_observation) ... ok
test_exact_blob_observation_covers_non_operation_evidence (test_hepta_implementation_maps.SourceIdentityTests.test_exact_blob_observation_covers_non_operation_evidence) ... ok
test_exact_blob_verify_requires_explicit_current_observation (test_hepta_implementation_maps.SourceIdentityTests.test_exact_blob_verify_requires_explicit_current_observation) ... ok
test_explicit_newline_and_tab_evidence_paths_remain_unambiguous (test_hepta_implementation_maps.SourceIdentityTests.test_explicit_newline_and_tab_evidence_paths_remain_unambiguous) ... ok
test_false_execution_claims_preserve_source_facts_during_navigation (test_hepta_implementation_maps.SourceIdentityTests.test_false_execution_claims_preserve_source_facts_during_navigation) ... ok
test_generator_does_not_infer_complete_mapping (test_hepta_implementation_maps.SourceIdentityTests.test_generator_does_not_infer_complete_mapping) ... ok
test_git_pathspec_magic_rejects (test_hepta_implementation_maps.SourceIdentityTests.test_git_pathspec_magic_rejects) ... ok
test_guide_and_legacy_caller_spelling_are_exact_evidence (test_hepta_implementation_maps.SourceIdentityTests.test_guide_and_legacy_caller_spelling_are_exact_evidence) ... ok
test_hidden_filename_record_cannot_split_the_index_check (test_hepta_implementation_maps.SourceIdentityTests.test_hidden_filename_record_cannot_split_the_index_check) ... ok
test_hidden_index_remains_rejected_during_migration (test_hepta_implementation_maps.SourceIdentityTests.test_hidden_index_remains_rejected_during_migration) ... ok
test_hidden_map_cannot_change_the_claim_input (test_hepta_implementation_maps.SourceIdentityTests.test_hidden_map_cannot_change_the_claim_input) ... ok
test_hidden_registry_is_rejected_before_it_controls_verification (test_hepta_implementation_maps.SourceIdentityTests.test_hidden_registry_is_rejected_before_it_controls_verification) ... ok
test_independent_module_anchors_pass (test_hepta_implementation_maps.SourceIdentityTests.test_independent_module_anchors_pass) ... ok
test_legacy_named_caller_normalizes_and_receives_exact_source_objects (test_hepta_implementation_maps.SourceIdentityTests.test_legacy_named_caller_normalizes_and_receives_exact_source_objects) ... ok
test_malformed_batch_response_is_rejected (test_hepta_implementation_maps.SourceIdentityTests.test_malformed_batch_response_is_rejected) ... ok
test_malformed_execution_claims_rejected_before_any_map_write (test_hepta_implementation_maps.SourceIdentityTests.test_malformed_execution_claims_rejected_before_any_map_write) ... ok
test_mapped_test_drift_rejects (test_hepta_implementation_maps.SourceIdentityTests.test_mapped_test_drift_rejects) ... ok
test_migration_does_not_promote_mapping_claim (test_hepta_implementation_maps.SourceIdentityTests.test_migration_does_not_promote_mapping_claim) ... ok
test_migration_does_not_repair_unknown_policy (test_hepta_implementation_maps.SourceIdentityTests.test_migration_does_not_repair_unknown_policy) ... ok
test_migration_git_failure_is_not_treated_as_drift (test_hepta_implementation_maps.SourceIdentityTests.test_migration_git_failure_is_not_treated_as_drift) ... ok
test_migration_rejects_dirty_source_without_writing_maps (test_hepta_implementation_maps.SourceIdentityTests.test_migration_rejects_dirty_source_without_writing_maps) ... ok
test_migration_rejects_duplicate_module_registry (test_hepta_implementation_maps.SourceIdentityTests.test_migration_rejects_duplicate_module_registry) ... ok
test_migration_rejects_invalid_identity_before_any_write (test_hepta_implementation_maps.SourceIdentityTests.test_migration_rejects_invalid_identity_before_any_write) ... ok
test_migration_rejects_missing_evidence_at_both_ends (test_hepta_implementation_maps.SourceIdentityTests.test_migration_rejects_missing_evidence_at_both_ends) ... ok
test_migration_rejects_untracked_evidence_without_partial_write (test_hepta_implementation_maps.SourceIdentityTests.test_migration_rejects_untracked_evidence_without_partial_write) ... ok
test_missing_mapped_test_rejects (test_hepta_implementation_maps.SourceIdentityTests.test_missing_mapped_test_rejects) ... ok
test_module_execution_aliases_reject_stale_source_before_any_write (test_hepta_implementation_maps.SourceIdentityTests.test_module_execution_aliases_reject_stale_source_before_any_write) ... ok
test_new_committed_evidence_can_be_explicitly_rebound (test_hepta_implementation_maps.SourceIdentityTests.test_new_committed_evidence_can_be_explicitly_rebound) ... ok
test_new_file_in_root_rejects (test_hepta_implementation_maps.SourceIdentityTests.test_new_file_in_root_rejects) ... ok
test_nonancestor_rejects (test_hepta_implementation_maps.SourceIdentityTests.test_nonancestor_rejects) ... ok
test_noop_preserves_custom_json_formatting (test_hepta_implementation_maps.SourceIdentityTests.test_noop_preserves_custom_json_formatting) ... ok
test_object_query_count_is_bounded_independent_of_evidence_count (test_hepta_implementation_maps.SourceIdentityTests.test_object_query_count_is_bounded_independent_of_evidence_count) ... ok
test_observed_additional_input_drift_rejects (test_hepta_implementation_maps.SourceIdentityTests.test_observed_additional_input_drift_rejects) ... ok
test_observed_additional_input_rebind_is_still_checked (test_hepta_implementation_maps.SourceIdentityTests.test_observed_additional_input_rebind_is_still_checked) ... ok
test_observed_paths_must_cover_resolved_roots (test_hepta_implementation_maps.SourceIdentityTests.test_observed_paths_must_cover_resolved_roots) ... ok
test_partial_operator_inventory_cannot_claim_a_closed_map (test_hepta_implementation_maps.SourceIdentityTests.test_partial_operator_inventory_cannot_claim_a_closed_map) ... ok
test_path_traversal_rejects (test_hepta_implementation_maps.SourceIdentityTests.test_path_traversal_rejects) ... ok
test_prose_edit_does_not_refresh_any_anchor (test_hepta_implementation_maps.SourceIdentityTests.test_prose_edit_does_not_refresh_any_anchor) ... ok
test_public_inventory_excludes_methods_tests_and_literal_decoys (test_hepta_implementation_maps.SourceIdentityTests.test_public_inventory_excludes_methods_tests_and_literal_decoys) ... ok
test_public_inventory_includes_const_reexports_not_types (test_hepta_implementation_maps.SourceIdentityTests.test_public_inventory_includes_const_reexports_not_types) ... ok
test_rebind_refreshes_exact_operation_blob (test_hepta_implementation_maps.SourceIdentityTests.test_rebind_refreshes_exact_operation_blob) ... ok
test_rejecting_hidden_index_does_not_clear_user_flags (test_hepta_implementation_maps.SourceIdentityTests.test_rejecting_hidden_index_does_not_clear_user_flags) ... ok
test_removed_file_in_root_rejects (test_hepta_implementation_maps.SourceIdentityTests.test_removed_file_in_root_rejects) ... ok
test_repeated_migration_after_commit_is_noop (test_hepta_implementation_maps.SourceIdentityTests.test_repeated_migration_after_commit_is_noop) ... ok
test_replace_object_cannot_forge_anchor_tree (test_hepta_implementation_maps.SourceIdentityTests.test_replace_object_cannot_forge_anchor_tree) ... ok
test_repository_verification_scans_checkout_twice_not_per_module (test_hepta_implementation_maps.SourceIdentityTests.test_repository_verification_scans_checkout_twice_not_per_module) ... ok
test_rust_function_test_identity_resolves_to_exact_source (test_hepta_implementation_maps.SourceIdentityTests.test_rust_function_test_identity_resolves_to_exact_source) ... ok
test_selected_migration_leaves_other_module_bytes_unchanged (test_hepta_implementation_maps.SourceIdentityTests.test_selected_migration_leaves_other_module_bytes_unchanged) ... ok
test_skip_worktree_cannot_hide_native_drift (test_hepta_implementation_maps.SourceIdentityTests.test_skip_worktree_cannot_hide_native_drift) ... ok
test_source_objects_keep_tests_delegates_callers_and_legacy_witnesses (test_hepta_implementation_maps.SourceIdentityTests.test_source_objects_keep_tests_delegates_callers_and_legacy_witnesses) ... ok
test_source_objects_reject_self_reference_without_rewriting_maps (test_hepta_implementation_maps.SourceIdentityTests.test_source_objects_reject_self_reference_without_rewriting_maps) ... ok
test_staged_source_change_rejects (test_hepta_implementation_maps.SourceIdentityTests.test_staged_source_change_rejects) ... ok
test_stale_read_only_execution_proof_rejected_before_any_map_write (test_hepta_implementation_maps.SourceIdentityTests.test_stale_read_only_execution_proof_rejected_before_any_map_write) ... ok
test_strong_migration_never_repairs_unproved_execution_by_adding_observation (test_hepta_implementation_maps.SourceIdentityTests.test_strong_migration_never_repairs_unproved_execution_by_adding_observation) ... ok
test_strong_navigation_migration_without_observation_survives_commit (test_hepta_implementation_maps.SourceIdentityTests.test_strong_navigation_migration_without_observation_survives_commit) ... ok
test_symbolic_source_ref_rejects (test_hepta_implementation_maps.SourceIdentityTests.test_symbolic_source_ref_rejects) ... ok
test_symlink_evidence_rejects (test_hepta_implementation_maps.SourceIdentityTests.test_symlink_evidence_rejects) ... ok
test_test_identity_does_not_admit_invalid_paths_or_symbols (test_hepta_implementation_maps.SourceIdentityTests.test_test_identity_does_not_admit_invalid_paths_or_symbols) ... ok
test_unavailable_commit_rejects (test_hepta_implementation_maps.SourceIdentityTests.test_unavailable_commit_rejects) ... ok
test_unchanged_ancestral_source_passes (test_hepta_implementation_maps.SourceIdentityTests.test_unchanged_ancestral_source_passes) ... ok
test_uniformly_stale_maps_reject (test_hepta_implementation_maps.SourceIdentityTests.test_uniformly_stale_maps_reject) ... ok
test_unknown_identity_policy_rejects (test_hepta_implementation_maps.SourceIdentityTests.test_unknown_identity_policy_rejects) ... ok
test_unknown_migration_module_fails_before_writes (test_hepta_implementation_maps.SourceIdentityTests.test_unknown_migration_module_fails_before_writes) ... ok
test_unstaged_source_change_rejects (test_hepta_implementation_maps.SourceIdentityTests.test_unstaged_source_change_rejects) ... ok
test_untracked_ci_report_outside_sources_is_not_a_mutation (test_hepta_implementation_maps.SourceIdentityTests.test_untracked_ci_report_outside_sources_is_not_a_mutation) ... ok
test_untracked_source_rejects (test_hepta_implementation_maps.SourceIdentityTests.test_untracked_source_rejects) ... ok
test_verifier_helpers_cannot_be_shadowed_by_duplicate_definitions (test_hepta_implementation_maps.SourceIdentityTests.test_verifier_helpers_cannot_be_shadowed_by_duplicate_definitions) ... ok
test_verify_accepts_exact_expected_candidate_identity (test_hepta_implementation_maps.SourceIdentityTests.test_verify_accepts_exact_expected_candidate_identity) ... ok
test_verify_rejects_wrong_or_malformed_expected_candidate_identity (test_hepta_implementation_maps.SourceIdentityTests.test_verify_rejects_wrong_or_malformed_expected_candidate_identity) ... ok
test_wrong_tree_rejects (test_hepta_implementation_maps.SourceIdentityTests.test_wrong_tree_rejects) ... ok
test_caller_test_and_delegate_are_independently_bound (test_hepta_implementation_identity.MigrationIntegrityTests.test_caller_test_and_delegate_are_independently_bound) ... ok
test_conflicting_evidence_aliases_reject (test_hepta_implementation_identity.MigrationIntegrityTests.test_conflicting_evidence_aliases_reject) ... ok
test_duplicate_json_key_is_rejected (test_hepta_implementation_identity.MigrationIntegrityTests.test_duplicate_json_key_is_rejected) ... ok
test_empty_selection_rejects_before_writing (test_hepta_implementation_identity.MigrationIntegrityTests.test_empty_selection_rejects_before_writing) ... ok
test_malformed_operation_is_a_bounded_error (test_hepta_implementation_identity.MigrationIntegrityTests.test_malformed_operation_is_a_bounded_error) ... ok
test_non_boolean_claims_rejected_before_coercion (test_hepta_implementation_identity.MigrationIntegrityTests.test_non_boolean_claims_rejected_before_coercion) ... ok
test_repeatable_module_option_uses_canonical_migration (test_hepta_implementation_identity.MigrationIntegrityTests.test_repeatable_module_option_uses_canonical_migration) ... ok
test_source_change_cannot_launder_execution_claim (test_hepta_implementation_identity.MigrationIntegrityTests.test_source_change_cannot_launder_execution_claim) ... ok
test_strict_alias_cannot_enable_historical_only_pass (test_hepta_implementation_identity.MigrationIntegrityTests.test_strict_alias_cannot_enable_historical_only_pass) ... ok
test_symlink_map_is_not_read_or_written (test_hepta_implementation_identity.MigrationIntegrityTests.test_symlink_map_is_not_read_or_written) ... ok
test_unchanged_typed_execution_claim_is_not_recertified (test_hepta_implementation_identity.MigrationIntegrityTests.test_unchanged_typed_execution_claim_is_not_recertified) ... ok
test_verification_rejects_non_boolean_claims (test_hepta_implementation_identity.MigrationIntegrityTests.test_verification_rejects_non_boolean_claims) ... ok
test_all_modern_maps_do_not_require_a_legacy_row (test_hepta_implementation_source_identity.SourceIdentityTests.test_all_modern_maps_do_not_require_a_legacy_row) ... ok
test_current_candidate_is_generated_not_written_into_maps (test_hepta_implementation_source_identity.SourceIdentityTests.test_current_candidate_is_generated_not_written_into_maps) ... ok
test_declared_dependency_drift_fails (test_hepta_implementation_source_identity.SourceIdentityTests.test_declared_dependency_drift_fails) ... ok
test_dirty_source_cannot_pass_strict_current_candidate (test_hepta_implementation_source_identity.SourceIdentityTests.test_dirty_source_cannot_pass_strict_current_candidate) ... ok
test_documentation_only_commits_preserve_observed_source (test_hepta_implementation_source_identity.SourceIdentityTests.test_documentation_only_commits_preserve_observed_source) ... ok
test_empty_module_registry_fails (test_hepta_implementation_source_identity.SourceIdentityTests.test_empty_module_registry_fails) ... ok
test_equally_stale_legacy_maps_are_not_current_evidence (test_hepta_implementation_source_identity.SourceIdentityTests.test_equally_stale_legacy_maps_are_not_current_evidence) ... ok
test_git_pathspec_metacharacters_are_literal (test_hepta_implementation_source_identity.SourceIdentityTests.test_git_pathspec_metacharacters_are_literal) ... ok
test_ignored_python_bytecode_does_not_dirty_mapped_source (test_hepta_implementation_source_identity.SourceIdentityTests.test_ignored_python_bytecode_does_not_dirty_mapped_source) ... ok
test_ignored_source_cannot_pass_strict_current_candidate (test_hepta_implementation_source_identity.SourceIdentityTests.test_ignored_source_cannot_pass_strict_current_candidate) ... ok
test_invalid_legacy_anchor_still_fails (test_hepta_implementation_source_identity.SourceIdentityTests.test_invalid_legacy_anchor_still_fails) ... ok
test_malformed_identity_fails_without_type_error (test_hepta_implementation_source_identity.SourceIdentityTests.test_malformed_identity_fails_without_type_error) ... ok
test_mixed_migration_preserves_navigation (test_hepta_implementation_source_identity.SourceIdentityTests.test_mixed_migration_preserves_navigation) ... ok
test_non_ancestor_observation_fails (test_hepta_implementation_source_identity.SourceIdentityTests.test_non_ancestor_observation_fails) ... ok
test_non_canonical_observed_path_fails (test_hepta_implementation_source_identity.SourceIdentityTests.test_non_canonical_observed_path_fails) ... ok
test_observed_source_commit_drift_fails (test_hepta_implementation_source_identity.SourceIdentityTests.test_observed_source_commit_drift_fails) ... ok
test_old_candidate_without_observation_fails (test_hepta_implementation_source_identity.SourceIdentityTests.test_old_candidate_without_observation_fails) ... ok
test_omitted_source_root_fails (test_hepta_implementation_source_identity.SourceIdentityTests.test_omitted_source_root_fails) ... ok
test_staged_source_cannot_pass_strict_current_candidate (test_hepta_implementation_source_identity.SourceIdentityTests.test_staged_source_cannot_pass_strict_current_candidate) ... ok
test_strict_flag_is_not_a_mutation_command (test_hepta_implementation_source_identity.SourceIdentityTests.test_strict_flag_is_not_a_mutation_command) ... ok
test_symlink_observation_cannot_hide_target_changes (test_hepta_implementation_source_identity.SourceIdentityTests.test_symlink_observation_cannot_hide_target_changes) ... ok
test_unknown_policy_fails (test_hepta_implementation_source_identity.SourceIdentityTests.test_unknown_policy_fails) ... ok
test_untracked_source_cannot_pass_strict_current_candidate (test_hepta_implementation_source_identity.SourceIdentityTests.test_untracked_source_cannot_pass_strict_current_candidate) ... ok
test_wrong_observed_tree_fails (test_hepta_implementation_source_identity.SourceIdentityTests.test_wrong_observed_tree_fails) ... ok
test_ambient_pathspec_modes_cannot_hide_a_dirty_source (test_hepta_implementation_git_environment.GitObservationIsolationTests.test_ambient_pathspec_modes_cannot_hide_a_dirty_source) ... ok
test_ambient_repository_worktree_and_index_redirects_are_ignored (test_hepta_implementation_git_environment.GitObservationIsolationTests.test_ambient_repository_worktree_and_index_redirects_are_ignored) ... ok
test_config_environment_cannot_install_a_monitor (test_hepta_implementation_git_environment.GitObservationIsolationTests.test_config_environment_cannot_install_a_monitor) ... ok
test_global_and_system_config_are_not_loaded (test_hepta_implementation_git_environment.GitObservationIsolationTests.test_global_and_system_config_are_not_loaded) ... ok
test_global_hidden_index_entries_reject_without_clearing_them (test_hepta_implementation_git_environment.GitObservationIsolationTests.test_global_hidden_index_entries_reject_without_clearing_them) ... ok
test_index_shortcuts_cannot_hide_a_dirty_witness (test_hepta_implementation_git_environment.GitObservationIsolationTests.test_index_shortcuts_cannot_hide_a_dirty_witness) ... ok
test_replacement_commit_does_not_hide_real_source_drift (test_hepta_implementation_git_environment.GitObservationIsolationTests.test_replacement_commit_does_not_hide_real_source_drift) ... ok
test_repository_monitor_is_disabled_without_executing_it (test_hepta_implementation_git_environment.GitObservationIsolationTests.test_repository_monitor_is_disabled_without_executing_it) ... ok
test_additional_roots_and_shared_utilities_must_be_dependencies (test_hepta_ui_native_map_adapter.NativeMapAdapterTests.test_additional_roots_and_shared_utilities_must_be_dependencies) ... ok
test_budget_contract_cannot_be_relaxed_by_metadata (test_hepta_ui_native_map_adapter.NativeMapAdapterTests.test_budget_contract_cannot_be_relaxed_by_metadata) ... ok
test_committed_production_and_transitive_dependency_drift_reject (test_hepta_ui_native_map_adapter.NativeMapAdapterTests.test_committed_production_and_transitive_dependency_drift_reject) ... ok
test_current_source_and_hidden_index_reject (test_hepta_ui_native_map_adapter.NativeMapAdapterTests.test_current_source_and_hidden_index_reject) ... ok
test_every_state_anchor_and_tree_must_match (test_hepta_ui_native_map_adapter.NativeMapAdapterTests.test_every_state_anchor_and_tree_must_match) ... ok
test_incomplete_and_execution_claims_cannot_be_promoted (test_hepta_ui_native_map_adapter.NativeMapAdapterTests.test_incomplete_and_execution_claims_cannot_be_promoted) ... ok
test_missing_unsafe_and_untracked_test_references_reject (test_hepta_ui_native_map_adapter.NativeMapAdapterTests.test_missing_unsafe_and_untracked_test_references_reject) ... ok
test_native_nonancestor_source_anchor_remains_rejected (test_hepta_ui_native_map_adapter.NativeMapAdapterTests.test_native_nonancestor_source_anchor_remains_rejected) ... ok
test_nested_qualification_claim_in_any_state_rejects (test_hepta_ui_native_map_adapter.NativeMapAdapterTests.test_nested_qualification_claim_in_any_state_rejects) ... ok
test_new_source_freeze_still_requires_the_mapped_function (test_hepta_ui_native_map_adapter.NativeMapAdapterTests.test_new_source_freeze_still_requires_the_mapped_function) ... ok
test_operation_inventory_and_every_exact_entrypoint_reject_tampering (test_hepta_ui_native_map_adapter.NativeMapAdapterTests.test_operation_inventory_and_every_exact_entrypoint_reject_tampering) ... ok
test_other_module_cannot_use_v6_bridge (test_hepta_ui_native_map_adapter.NativeMapAdapterTests.test_other_module_cannot_use_v6_bridge) ... ok
test_owner_schema_and_registered_ownership_are_fixed (test_hepta_ui_native_map_adapter.NativeMapAdapterTests.test_owner_schema_and_registered_ownership_are_fixed) ... ok
test_registered_native_root_cannot_redirect_to_another_owner (test_hepta_ui_native_map_adapter.NativeMapAdapterTests.test_registered_native_root_cannot_redirect_to_another_owner) ... ok
test_strict_checker_is_reused_and_v3_maps_stay_separate (test_hepta_ui_native_map_adapter.NativeMapAdapterTests.test_strict_checker_is_reused_and_v3_maps_stay_separate) ... ok
test_untracked_source_cannot_enter_frozen_closure (test_hepta_ui_native_map_adapter.NativeMapAdapterTests.test_untracked_source_cannot_enter_frozen_closure) ... ok
test_v3_cross_branch_provenance_stays_failed_with_valid_native_bridge (test_hepta_ui_native_map_adapter.NativeMapAdapterTests.test_v3_cross_branch_provenance_stays_failed_with_valid_native_bridge) ... ok
test_workflow_writes_and_dependency_filter_omissions_reject (test_hepta_ui_native_map_adapter.NativeMapAdapterTests.test_workflow_writes_and_dependency_filter_omissions_reject) ... ok

----------------------------------------------------------------------
Ran 152 tests in 20.419s

OK
