test_artifact_and_input_bounds (test_context_byte_bpe.RankedBpeTests.test_artifact_and_input_bounds) ... ok
test_duplicate_keys_rejected_at_any_depth (test_context_byte_bpe.RankedBpeTests.test_duplicate_keys_rejected_at_any_depth) ... ok
test_empty_matches_rejected (test_context_byte_bpe.RankedBpeTests.test_empty_matches_rejected) ... ok
test_heap_matches_independent_slow_reference (test_context_byte_bpe.RankedBpeTests.test_heap_matches_independent_slow_reference) ... ok
test_incomplete_or_duplicate_vocabulary_rejected (test_context_byte_bpe.RankedBpeTests.test_incomplete_or_duplicate_vocabulary_rejected) ... ok
test_metadata_does_not_become_model_tokens (test_context_byte_bpe.RankedBpeTests.test_metadata_does_not_become_model_tokens) ... ok
test_nonfinite_numbers_including_exponent_overflow_rejected (test_context_byte_bpe.RankedBpeTests.test_nonfinite_numbers_including_exponent_overflow_rejected) ... ok
test_normalization_not_silently_changed (test_context_byte_bpe.RankedBpeTests.test_normalization_not_silently_changed) ... ok
test_pattern_must_cover_every_character (test_context_byte_bpe.RankedBpeTests.test_pattern_must_cover_every_character) ... ok
test_pinned_framing_cannot_ignore_model_fields (test_context_byte_bpe.RankedBpeTests.test_pinned_framing_cannot_ignore_model_fields) ... ok
test_provider_semantics_ignore_json_escape_length (test_context_byte_bpe.RankedBpeTests.test_provider_semantics_ignore_json_escape_length) ... ok
test_real_ranked_merges_not_character_count (test_context_byte_bpe.RankedBpeTests.test_real_ranked_merges_not_character_count) ... ok
test_role_and_tool_framing_are_included (test_context_byte_bpe.RankedBpeTests.test_role_and_tool_framing_are_included) ... ok
test_special_collision_rejected (test_context_byte_bpe.RankedBpeTests.test_special_collision_rejected) ... ok
test_special_spelling_in_user_content_is_ordinary (test_context_byte_bpe.RankedBpeTests.test_special_spelling_in_user_content_is_ordinary) ... ok
test_subprocess_exact_abi_and_no_secret_diagnostics (test_context_byte_bpe.RankedBpeTests.test_subprocess_exact_abi_and_no_secret_diagnostics) ... ok
test_template_content_boundary_is_not_additive (test_context_byte_bpe.RankedBpeTests.test_template_content_boundary_is_not_additive) ... ok
test_unicode_is_exact_utf8_no_normalization (test_context_byte_bpe.RankedBpeTests.test_unicode_is_exact_utf8_no_normalization) ... ok
test_unknown_provider_fields_rejected (test_context_byte_bpe.RankedBpeTests.test_unknown_provider_fields_rejected) ... ok
test_unqualified_images_and_calls_rejected (test_context_byte_bpe.RankedBpeTests.test_unqualified_images_and_calls_rejected) ... ok
test_wrong_model_role_and_content_type_rejected (test_context_byte_bpe.RankedBpeTests.test_wrong_model_role_and_content_type_rejected) ... ok

----------------------------------------------------------------------
Ran 21 tests in 2.528s

OK
